stm32l475e_iot01_qspi.c:139:9:BSP_QSPI_Init	24	static,ignoring_inline_asm
stm32l475e_iot01_qspi.c:198:9:BSP_QSPI_DeInit	8	static
stm32l475e_iot01_qspi.c:221:9:BSP_QSPI_Read	80	static
stm32l475e_iot01_qspi.c:263:9:BSP_QSPI_Write	96	static
stm32l475e_iot01_qspi.c:337:9:BSP_QSPI_Erase_Block	72	static
stm32l475e_iot01_qspi.c:385:9:BSP_QSPI_Erase_Sector	72	static
stm32l475e_iot01_qspi.c:426:9:BSP_QSPI_Erase_Chip	64	static
stm32l475e_iot01_qspi.c:466:9:BSP_QSPI_GetStatus	72	static
stm32l475e_iot01_qspi.c:536:9:BSP_QSPI_GetInfo	16	static
stm32l475e_iot01_qspi.c:552:9:BSP_QSPI_EnableMemoryMappedMode	72	static
stm32l475e_iot01_qspi.c:586:9:BSP_QSPI_SuspendErase	64	static
stm32l475e_iot01_qspi.c:627:9:BSP_QSPI_ResumeErase	64	static
stm32l475e_iot01_qspi.c:672:9:BSP_QSPI_EnterDeepPowerDown	64	static
stm32l475e_iot01_qspi.c:703:9:BSP_QSPI_LeaveDeepPowerDown	64	static
stm32l475e_iot01_qspi.c:734:13:BSP_QSPI_MspInit	40	static
stm32l475e_iot01_qspi.c:762:13:BSP_QSPI_MspDeInit	32	static
stm32l475e_iot01_qspi.c:794:16:QSPI_ResetMemory	72	static
stm32l475e_iot01_qspi.c:836:16:QSPI_WriteEnable	96	static
stm32l475e_iot01_qspi.c:882:16:QSPI_AutoPollingMemReady	96	static
stm32l475e_iot01_qspi.c:919:16:QSPI_QuadMode	80	static
stm32l475e_iot01_qspi.c:1008:16:QSPI_HighPerfMode	80	static
