Archive member included to satisfy reference by file (symbol)

C:\Users\malki\Desktop\Ceng\Fall_2020\ECSE444\Labs\lab2\Core\Lib\libarm_cortexM4lf_math.a(arm_sin_f32.o)
                              Core/Src/main.o (arm_sin_f32)
C:\Users\malki\Desktop\Ceng\Fall_2020\ECSE444\Labs\lab2\Core\Lib\libarm_cortexM4lf_math.a(arm_common_tables.o)
                              C:\Users\malki\Desktop\Ceng\Fall_2020\ECSE444\Labs\lab2\Core\Lib\libarm_cortexM4lf_math.a(arm_sin_f32.o) (sinTable_f32)
c:/st/stm32cubeide_1.4.0/stm32cubeide/plugins/com.st.stm32cube.ide.mcu.externaltools.gnu-tools-for-stm32.7-2018-q2-update.win32_1.4.0.202007081208/tools/bin/../lib/gcc/arm-none-eabi/7.3.1/../../../../arm-none-eabi/lib/thumb/v7e-m/fpv4-sp/hard\libc_nano.a(lib_a-errno.o)
                              Core/Src/syscalls.o (__errno)
c:/st/stm32cubeide_1.4.0/stm32cubeide/plugins/com.st.stm32cube.ide.mcu.externaltools.gnu-tools-for-stm32.7-2018-q2-update.win32_1.4.0.202007081208/tools/bin/../lib/gcc/arm-none-eabi/7.3.1/../../../../arm-none-eabi/lib/thumb/v7e-m/fpv4-sp/hard\libc_nano.a(lib_a-exit.o)
                              c:/st/stm32cubeide_1.4.0/stm32cubeide/plugins/com.st.stm32cube.ide.mcu.externaltools.gnu-tools-for-stm32.7-2018-q2-update.win32_1.4.0.202007081208/tools/bin/../lib/gcc/arm-none-eabi/7.3.1/../../../../arm-none-eabi/lib/thumb/v7e-m/fpv4-sp/hard/crt0.o (exit)
c:/st/stm32cubeide_1.4.0/stm32cubeide/plugins/com.st.stm32cube.ide.mcu.externaltools.gnu-tools-for-stm32.7-2018-q2-update.win32_1.4.0.202007081208/tools/bin/../lib/gcc/arm-none-eabi/7.3.1/../../../../arm-none-eabi/lib/thumb/v7e-m/fpv4-sp/hard\libc_nano.a(lib_a-impure.o)
                              c:/st/stm32cubeide_1.4.0/stm32cubeide/plugins/com.st.stm32cube.ide.mcu.externaltools.gnu-tools-for-stm32.7-2018-q2-update.win32_1.4.0.202007081208/tools/bin/../lib/gcc/arm-none-eabi/7.3.1/../../../../arm-none-eabi/lib/thumb/v7e-m/fpv4-sp/hard\libc_nano.a(lib_a-exit.o) (_global_impure_ptr)
c:/st/stm32cubeide_1.4.0/stm32cubeide/plugins/com.st.stm32cube.ide.mcu.externaltools.gnu-tools-for-stm32.7-2018-q2-update.win32_1.4.0.202007081208/tools/bin/../lib/gcc/arm-none-eabi/7.3.1/../../../../arm-none-eabi/lib/thumb/v7e-m/fpv4-sp/hard\libc_nano.a(lib_a-init.o)
                              c:/st/stm32cubeide_1.4.0/stm32cubeide/plugins/com.st.stm32cube.ide.mcu.externaltools.gnu-tools-for-stm32.7-2018-q2-update.win32_1.4.0.202007081208/tools/bin/../lib/gcc/arm-none-eabi/7.3.1/../../../../arm-none-eabi/lib/thumb/v7e-m/fpv4-sp/hard/crt0.o (__libc_init_array)
c:/st/stm32cubeide_1.4.0/stm32cubeide/plugins/com.st.stm32cube.ide.mcu.externaltools.gnu-tools-for-stm32.7-2018-q2-update.win32_1.4.0.202007081208/tools/bin/../lib/gcc/arm-none-eabi/7.3.1/../../../../arm-none-eabi/lib/thumb/v7e-m/fpv4-sp/hard\libc_nano.a(lib_a-memset.o)
                              c:/st/stm32cubeide_1.4.0/stm32cubeide/plugins/com.st.stm32cube.ide.mcu.externaltools.gnu-tools-for-stm32.7-2018-q2-update.win32_1.4.0.202007081208/tools/bin/../lib/gcc/arm-none-eabi/7.3.1/../../../../arm-none-eabi/lib/thumb/v7e-m/fpv4-sp/hard/crt0.o (memset)

Allocating common symbols
Common symbol       size              file

hdac1               0x14              Core/Src/main.o
uwTick              0x4               Drivers/STM32L4xx_HAL_Driver/Src/stm32l4xx_hal.o

Discarded input sections

 .text          0x0000000000000000        0x0 c:/st/stm32cubeide_1.4.0/stm32cubeide/plugins/com.st.stm32cube.ide.mcu.externaltools.gnu-tools-for-stm32.7-2018-q2-update.win32_1.4.0.202007081208/tools/bin/../lib/gcc/arm-none-eabi/7.3.1/thumb/v7e-m/fpv4-sp/hard/crti.o
 .data          0x0000000000000000        0x0 c:/st/stm32cubeide_1.4.0/stm32cubeide/plugins/com.st.stm32cube.ide.mcu.externaltools.gnu-tools-for-stm32.7-2018-q2-update.win32_1.4.0.202007081208/tools/bin/../lib/gcc/arm-none-eabi/7.3.1/thumb/v7e-m/fpv4-sp/hard/crti.o
 .bss           0x0000000000000000        0x0 c:/st/stm32cubeide_1.4.0/stm32cubeide/plugins/com.st.stm32cube.ide.mcu.externaltools.gnu-tools-for-stm32.7-2018-q2-update.win32_1.4.0.202007081208/tools/bin/../lib/gcc/arm-none-eabi/7.3.1/thumb/v7e-m/fpv4-sp/hard/crti.o
 .data          0x0000000000000000        0x4 c:/st/stm32cubeide_1.4.0/stm32cubeide/plugins/com.st.stm32cube.ide.mcu.externaltools.gnu-tools-for-stm32.7-2018-q2-update.win32_1.4.0.202007081208/tools/bin/../lib/gcc/arm-none-eabi/7.3.1/thumb/v7e-m/fpv4-sp/hard/crtbegin.o
 .text          0x0000000000000000       0x74 c:/st/stm32cubeide_1.4.0/stm32cubeide/plugins/com.st.stm32cube.ide.mcu.externaltools.gnu-tools-for-stm32.7-2018-q2-update.win32_1.4.0.202007081208/tools/bin/../lib/gcc/arm-none-eabi/7.3.1/../../../../arm-none-eabi/lib/thumb/v7e-m/fpv4-sp/hard/crt0.o
 .data          0x0000000000000000        0x0 c:/st/stm32cubeide_1.4.0/stm32cubeide/plugins/com.st.stm32cube.ide.mcu.externaltools.gnu-tools-for-stm32.7-2018-q2-update.win32_1.4.0.202007081208/tools/bin/../lib/gcc/arm-none-eabi/7.3.1/../../../../arm-none-eabi/lib/thumb/v7e-m/fpv4-sp/hard/crt0.o
[...]
Memory Configuration

Name             Origin             Length             Attributes
RAM              0x0000000020000000 0x0000000000018000 xrw
RAM2             0x0000000010000000 0x0000000000008000 xrw
FLASH            0x0000000008000000 0x0000000000100000 xr
*default*        0x0000000000000000 0xffffffffffffffff

Linker script and memory map

LOAD c:/st/stm32cubeide_1.4.0/stm32cubeide/plugins/com.st.stm32cube.ide.mcu.externaltools.gnu-tools-for-stm32.7-2018-q2-update.win32_1.4.0.202007081208/tools/bin/../lib/gcc/arm-none-eabi/7.3.1/thumb/v7e-m/fpv4-sp/hard/crti.o
LOAD c:/st/stm32cubeide_1.4.0/stm32cubeide/plugins/com.st.stm32cube.ide.mcu.externaltools.gnu-tools-for-stm32.7-2018-q2-update.win32_1.4.0.202007081208/tools/bin/../lib/gcc/arm-none-eabi/7.3.1/thumb/v7e-m/fpv4-sp/hard/crtbegin.o
LOAD c:/st/stm32cubeide_1.4.0/stm32cubeide/plugins/com.st.stm32cube.ide.mcu.externaltools.gnu-tools-for-stm32.7-2018-q2-update.win32_1.4.0.202007081208/tools/bin/../lib/gcc/arm-none-eabi/7.3.1/../../../../arm-none-eabi/lib/thumb/v7e-m/fpv4-sp/hard/crt0.o
LOAD Core/Src/main.o
LOAD Core/Src/stm32l4xx_hal_msp.o
LOAD Core/Src/stm32l4xx_it.o
LOAD Core/Src/syscalls.o
LOAD Core/Src/sysmem.o
LOAD Core/Src/system_stm32l4xx.o
LOAD Core/Startup/startup_stm32l475vgtx.o
LOAD Drivers/STM32L4xx_HAL_Driver/Src/stm32l4xx_hal.o
LOAD Drivers/STM32L4xx_HAL_Driver/Src/stm32l4xx_hal_cortex.o
LOAD Drivers/STM32L4xx_HAL_Driver/Src/stm32l4xx_hal_dac.o
LOAD Drivers/STM32L4xx_HAL_Driver/Src/stm32l4xx_hal_dac_ex.o
LOAD Drivers/STM32L4xx_HAL_Driver/Src/stm32l4xx_hal_dma.o
LOAD Drivers/STM32L4xx_HAL_Driver/Src/stm32l4xx_hal_dma_ex.o
LOAD Drivers/STM32L4xx_HAL_Driver/Src/stm32l4xx_hal_exti.o
LOAD Drivers/STM32L4xx_HAL_Driver/Src/stm32l4xx_hal_flash.o
LOAD Drivers/STM32L4xx_HAL_Driver/Src/stm32l4xx_hal_flash_ex.o
LOAD Drivers/STM32L4xx_HAL_Driver/Src/stm32l4xx_hal_flash_ramfunc.o
LOAD Drivers/STM32L4xx_HAL_Driver/Src/stm32l4xx_hal_gpio.o
LOAD Drivers/STM32L4xx_HAL_Driver/Src/stm32l4xx_hal_i2c.o
LOAD Drivers/STM32L4xx_HAL_Driver/Src/stm32l4xx_hal_i2c_ex.o
LOAD Drivers/STM32L4xx_HAL_Driver/Src/stm32l4xx_hal_pwr.o
LOAD Drivers/STM32L4xx_HAL_Driver/Src/stm32l4xx_hal_pwr_ex.o
LOAD Drivers/STM32L4xx_HAL_Driver/Src/stm32l4xx_hal_rcc.o
LOAD Drivers/STM32L4xx_HAL_Driver/Src/stm32l4xx_hal_rcc_ex.o
LOAD Drivers/STM32L4xx_HAL_Driver/Src/stm32l4xx_hal_tim.o
LOAD Drivers/STM32L4xx_HAL_Driver/Src/stm32l4xx_hal_tim_ex.o
LOAD C:\Users\malki\Desktop\Ceng\Fall_2020\ECSE444\Labs\lab2\Core\Lib\libarm_cortexM4lf_math.a
START GROUP
LOAD c:/st/stm32cubeide_1.4.0/stm32cubeide/plugins/com.st.stm32cube.ide.mcu.externaltools.gnu-tools-for-stm32.7-2018-q2-update.win32_1.4.0.202007081208/tools/bin/../lib/gcc/arm-none-eabi/7.3.1/../../../../arm-none-eabi/lib/thumb/v7e-m/fpv4-sp/hard\libc_nano.a
LOAD c:/st/stm32cubeide_1.4.0/stm32cubeide/plugins/com.st.stm32cube.ide.mcu.externaltools.gnu-tools-for-stm32.7-2018-q2-update.win32_1.4.0.202007081208/tools/bin/../lib/gcc/arm-none-eabi/7.3.1/../../../../arm-none-eabi/lib/thumb/v7e-m/fpv4-sp/hard\libm.a
END GROUP
START GROUP
LOAD c:/st/stm32cubeide_1.4.0/stm32cubeide/plugins/com.st.stm32cube.ide.mcu.externaltools.gnu-tools-for-stm32.7-2018-q2-update.win32_1.4.0.202007081208/tools/bin/../lib/gcc/arm-none-eabi/7.3.1/thumb/v7e-m/fpv4-sp/hard\libgcc.a
LOAD c:/st/stm32cubeide_1.4.0/stm32cubeide/plugins/com.st.stm32cube.ide.mcu.externaltools.gnu-tools-for-stm32.7-2018-q2-update.win32_1.4.0.202007081208/tools/bin/../lib/gcc/arm-none-eabi/7.3.1/../../../../arm-none-eabi/lib/thumb/v7e-m/fpv4-sp/hard\libc_nano.a
END GROUP
START GROUP
LOAD c:/st/stm32cubeide_1.4.0/stm32cubeide/plugins/com.st.stm32cube.ide.mcu.externaltools.gnu-tools-for-stm32.7-2018-q2-update.win32_1.4.0.202007081208/tools/bin/../lib/gcc/arm-none-eabi/7.3.1/thumb/v7e-m/fpv4-sp/hard\libgcc.a
LOAD c:/st/stm32cubeide_1.4.0/stm32cubeide/plugins/com.st.stm32cube.ide.mcu.externaltools.gnu-tools-for-stm32.7-2018-q2-update.win32_1.4.0.202007081208/tools/bin/../lib/gcc/arm-none-eabi/7.3.1/../../../../arm-none-eabi/lib/thumb/v7e-m/fpv4-sp/hard\libc_nano.a
LOAD c:/st/stm32cubeide_1.4.0/stm32cubeide/plugins/com.st.stm32cube.ide.mcu.externaltools.gnu-tools-for-stm32.7-2018-q2-update.win32_1.4.0.202007081208/tools/bin/../lib/gcc/arm-none-eabi/7.3.1/../../../../arm-none-eabi/lib/thumb/v7e-m/fpv4-sp/hard\libnosys.a
END GROUP
START GROUP
LOAD c:/st/stm32cubeide_1.4.0/stm32cubeide/plugins/com.st.stm32cube.ide.mcu.externaltools.gnu-tools-for-stm32.7-2018-q2-update.win32_1.4.0.202007081208/tools/bin/../lib/gcc/arm-none-eabi/7.3.1/thumb/v7e-m/fpv4-sp/hard\libgcc.a
LOAD c:/st/stm32cubeide_1.4.0/stm32cubeide/plugins/com.st.stm32cube.ide.mcu.externaltools.gnu-tools-for-stm32.7-2018-q2-update.win32_1.4.0.202007081208/tools/bin/../lib/gcc/arm-none-eabi/7.3.1/../../../../arm-none-eabi/lib/thumb/v7e-m/fpv4-sp/hard\libc_nano.a
LOAD c:/st/stm32cubeide_1.4.0/stm32cubeide/plugins/com.st.stm32cube.ide.mcu.externaltools.gnu-tools-for-stm32.7-2018-q2-update.win32_1.4.0.202007081208/tools/bin/../lib/gcc/arm-none-eabi/7.3.1/../../../../arm-none-eabi/lib/thumb/v7e-m/fpv4-sp/hard\libnosys.a
END GROUP
LOAD c:/st/stm32cubeide_1.4.0/stm32cubeide/plugins/com.st.stm32cube.ide.mcu.externaltools.gnu-tools-for-stm32.7-2018-q2-update.win32_1.4.0.202007081208/tools/bin/../lib/gcc/arm-none-eabi/7.3.1/thumb/v7e-m/fpv4-sp/hard/crtend.o
LOAD c:/st/stm32cubeide_1.4.0/stm32cubeide/plugins/com.st.stm32cube.ide.mcu.externaltools.gnu-tools-for-stm32.7-2018-q2-update.win32_1.4.0.202007081208/tools/bin/../lib/gcc/arm-none-eabi/7.3.1/thumb/v7e-m/fpv4-sp/hard/crtn.o
                0x0000000020018000                _estack = (ORIGIN (RAM) + LENGTH (RAM))
                0x0000000000000200                _Min_Heap_Size = 0x200
                0x0000000000000400                _Min_Stack_Size = 0x400

.isr_vector     0x0000000008000000      0x188
                0x0000000008000000                . = ALIGN (0x4)
 *(.isr_vector)
 .isr_vector    0x0000000008000000      0x188 Core/Startup/startup_stm32l475vgtx.o
                0x0000000008000000                g_pfnVectors
                0x0000000008000188                . = ALIGN (0x4)

.text           0x0000000008000188     0x1c54
                0x0000000008000188                . = ALIGN (0x4)
 *(.text)
 .text          0x0000000008000188       0x40 c:/st/stm32cubeide_1.4.0/stm32cubeide/plugins/com.st.stm32cube.ide.mcu.externaltools.gnu-tools-for-stm32.7-2018-q2-update.win32_1.4.0.202007081208/tools/bin/../lib/gcc/arm-none-eabi/7.3.1/thumb/v7e-m/fpv4-sp/hard/crtbegin.o
 *(.text*)
 .text.main     0x00000000080001c8      0x11c Core/Src/main.o
                0x00000000080001c8                main
 .text.SystemClock_Config
                0x00000000080002e4       0xa4 Core/Src/main.o
                0x00000000080002e4                SystemClock_Config
 .text.MX_DAC1_Init
                0x0000000008000388       0x7c Core/Src/main.o
 .text.MX_GPIO_Init
                0x0000000008000404       0xbc Core/Src/main.o
 .text.Error_Handler
                0x00000000080004c0        0xe Core/Src/main.o
                0x00000000080004c0                Error_Handler
 *fill*         0x00000000080004ce        0x2 
 .text.HAL_MspInit
                0x00000000080004d0       0x48 Core/Src/stm32l4xx_hal_msp.o
                0x00000000080004d0                HAL_MspInit
 .text.HAL_DAC_MspInit
                0x0000000008000518       0x7c Core/Src/stm32l4xx_hal_msp.o
                0x0000000008000518                HAL_DAC_MspInit
 .text.NMI_Handler
                0x0000000008000594        0xe Core/Src/stm32l4xx_it.o
                0x0000000008000594                NMI_Handler
 .text.HardFault_Handler
                0x00000000080005a2        0x6 Core/Src/stm32l4xx_it.o
                0x00000000080005a2                HardFault_Handler
 .text.MemManage_Handler
                0x00000000080005a8        0x6 Core/Src/stm32l4xx_it.o
                0x00000000080005a8                MemManage_Handler
 .text.BusFault_Handler
                0x00000000080005ae        0x6 Core/Src/stm32l4xx_it.o
                0x00000000080005ae                BusFault_Handler
 .text.UsageFault_Handler
                0x00000000080005b4        0x6 Core/Src/stm32l4xx_it.o
                0x00000000080005b4                UsageFault_Handler
 .text.SVC_Handler
                0x00000000080005ba        0xe Core/Src/stm32l4xx_it.o
                0x00000000080005ba                SVC_Handler
 .text.DebugMon_Handler
                0x00000000080005c8        0xe Core/Src/stm32l4xx_it.o
                0x00000000080005c8                DebugMon_Handler
 .text.PendSV_Handler
                0x00000000080005d6        0xe Core/Src/stm32l4xx_it.o
                0x00000000080005d6                PendSV_Handler
 .text.SysTick_Handler
                0x00000000080005e4        0xc Core/Src/stm32l4xx_it.o
                0x00000000080005e4                SysTick_Handler
 .text.SystemInit
                0x00000000080005f0       0x6c Core/Src/system_stm32l4xx.o
                0x00000000080005f0                SystemInit
 .text.Reset_Handler
                0x000000000800065c       0x50 Core/Startup/startup_stm32l475vgtx.o
                0x000000000800065c                Reset_Handler
 .text.Default_Handler
                0x00000000080006ac        0x2 Core/Startup/startup_stm32l475vgtx.o
                0x00000000080006ac                RTC_Alarm_IRQHandler
                0x00000000080006ac                EXTI2_IRQHandler
                0x00000000080006ac                TIM8_TRG_COM_IRQHandler
                0x00000000080006ac                TIM8_CC_IRQHandler
                0x00000000080006ac                TIM1_CC_IRQHandler
                0x00000000080006ac                TSC_IRQHandler
                0x00000000080006ac                TAMP_STAMP_IRQHandler
                0x00000000080006ac                EXTI3_IRQHandler
                0x00000000080006ac                LPTIM2_IRQHandler
                0x00000000080006ac                DFSDM1_FLT1_IRQHandler
                0x00000000080006ac                I2C3_ER_IRQHandler
                0x00000000080006ac                DFSDM1_FLT2_IRQHandler
                0x00000000080006ac                EXTI0_IRQHandler
                0x00000000080006ac                I2C2_EV_IRQHandler
                0x00000000080006ac                CAN1_RX0_IRQHandler
                0x00000000080006ac                FPU_IRQHandler
                0x00000000080006ac                TIM1_UP_TIM16_IRQHandler
                0x00000000080006ac                ADC1_2_IRQHandler
                0x00000000080006ac                SPI1_IRQHandler
                0x00000000080006ac                TIM6_DAC_IRQHandler
                0x00000000080006ac                TIM8_UP_IRQHandler
                0x00000000080006ac                DMA2_Channel2_IRQHandler
                0x00000000080006ac                DMA1_Channel4_IRQHandler
                0x00000000080006ac                SAI2_IRQHandler
                0x00000000080006ac                DFSDM1_FLT3_IRQHandler
                0x00000000080006ac                USART3_IRQHandler
                0x00000000080006ac                DMA1_Channel7_IRQHandler
                0x00000000080006ac                CAN1_RX1_IRQHandler
                0x00000000080006ac                UART5_IRQHandler
                0x00000000080006ac                ADC3_IRQHandler
                0x00000000080006ac                TIM4_IRQHandler
                0x00000000080006ac                DMA2_Channel1_IRQHandler
                0x00000000080006ac                QUADSPI_IRQHandler
                0x00000000080006ac                I2C1_EV_IRQHandler
                0x00000000080006ac                DMA1_Channel6_IRQHandler
                0x00000000080006ac                UART4_IRQHandler
                0x00000000080006ac                DMA2_Channel4_IRQHandler
                0x00000000080006ac                TIM3_IRQHandler
                0x00000000080006ac                RCC_IRQHandler
                0x00000000080006ac                DMA1_Channel1_IRQHandler
                0x00000000080006ac                Default_Handler
                0x00000000080006ac                DMA2_Channel7_IRQHandler
                0x00000000080006ac                EXTI15_10_IRQHandler
                0x00000000080006ac                TIM7_IRQHandler
                0x00000000080006ac                SDMMC1_IRQHandler
                0x00000000080006ac                TIM5_IRQHandler
                0x00000000080006ac                I2C3_EV_IRQHandler
                0x00000000080006ac                EXTI9_5_IRQHandler
                0x00000000080006ac                RTC_WKUP_IRQHandler
                0x00000000080006ac                PVD_PVM_IRQHandler
                0x00000000080006ac                SPI2_IRQHandler
                0x00000000080006ac                CAN1_TX_IRQHandler
                0x00000000080006ac                DMA2_Channel5_IRQHandler
                0x00000000080006ac                DMA1_Channel5_IRQHandler
                0x00000000080006ac                EXTI4_IRQHandler
                0x00000000080006ac                RNG_IRQHandler
                0x00000000080006ac                TIM1_TRG_COM_TIM17_IRQHandler
                0x00000000080006ac                DMA1_Channel3_IRQHandler
                0x00000000080006ac                COMP_IRQHandler
                0x00000000080006ac                WWDG_IRQHandler
                0x00000000080006ac                LPUART1_IRQHandler
                0x00000000080006ac                DMA2_Channel6_IRQHandler
                0x00000000080006ac                TIM2_IRQHandler
                0x00000000080006ac                EXTI1_IRQHandler
                0x00000000080006ac                USART2_IRQHandler
                0x00000000080006ac                DFSDM1_FLT0_IRQHandler
                0x00000000080006ac                I2C2_ER_IRQHandler
                0x00000000080006ac                DMA1_Channel2_IRQHandler
                0x00000000080006ac                TIM8_BRK_IRQHandler
                0x00000000080006ac                CAN1_SCE_IRQHandler
                0x00000000080006ac                FLASH_IRQHandler
                0x00000000080006ac                USART1_IRQHandler
                0x00000000080006ac                OTG_FS_IRQHandler
                0x00000000080006ac                SPI3_IRQHandler
                0x00000000080006ac                I2C1_ER_IRQHandler
                0x00000000080006ac                FMC_IRQHandler
                0x00000000080006ac                SWPMI1_IRQHandler
                0x00000000080006ac                LPTIM1_IRQHandler
                0x00000000080006ac                SAI1_IRQHandler
                0x00000000080006ac                DMA2_Channel3_IRQHandler
                0x00000000080006ac                TIM1_BRK_TIM15_IRQHandler
 .text.HAL_Init
                0x00000000080006ae       0x30 Drivers/STM32L4xx_HAL_Driver/Src/stm32l4xx_hal.o
                0x00000000080006ae                HAL_Init
 *fill*         0x00000000080006de        0x2 
 .text.HAL_InitTick
                0x00000000080006e0       0x78 Drivers/STM32L4xx_HAL_Driver/Src/stm32l4xx_hal.o
                0x00000000080006e0                HAL_InitTick
 .text.HAL_IncTick
                0x0000000008000758       0x28 Drivers/STM32L4xx_HAL_Driver/Src/stm32l4xx_hal.o
                0x0000000008000758                HAL_IncTick
 .text.HAL_GetTick
                0x0000000008000780       0x18 Drivers/STM32L4xx_HAL_Driver/Src/stm32l4xx_hal.o
                0x0000000008000780                HAL_GetTick
 .text.HAL_Delay
                0x0000000008000798       0x44 Drivers/STM32L4xx_HAL_Driver/Src/stm32l4xx_hal.o
                0x0000000008000798                HAL_Delay
 .text.__NVIC_SetPriorityGrouping
                0x00000000080007dc       0x48 Drivers/STM32L4xx_HAL_Driver/Src/stm32l4xx_hal_cortex.o
 .text.__NVIC_GetPriorityGrouping
                0x0000000008000824       0x1c Drivers/STM32L4xx_HAL_Driver/Src/stm32l4xx_hal_cortex.o
 .text.__NVIC_SetPriority
                0x0000000008000840       0x54 Drivers/STM32L4xx_HAL_Driver/Src/stm32l4xx_hal_cortex.o
 .text.NVIC_EncodePriority
                0x0000000008000894       0x66 Drivers/STM32L4xx_HAL_Driver/Src/stm32l4xx_hal_cortex.o
 *fill*         0x00000000080008fa        0x2 
 .text.SysTick_Config
                0x00000000080008fc       0x44 Drivers/STM32L4xx_HAL_Driver/Src/stm32l4xx_hal_cortex.o
 .text.HAL_NVIC_SetPriorityGrouping
                0x0000000008000940       0x16 Drivers/STM32L4xx_HAL_Driver/Src/stm32l4xx_hal_cortex.o
                0x0000000008000940                HAL_NVIC_SetPriorityGrouping
 .text.HAL_NVIC_SetPriority
                0x0000000008000956       0x38 Drivers/STM32L4xx_HAL_Driver/Src/stm32l4xx_hal_cortex.o
                0x0000000008000956                HAL_NVIC_SetPriority
 .text.HAL_SYSTICK_Config
                0x000000000800098e       0x18 Drivers/STM32L4xx_HAL_Driver/Src/stm32l4xx_hal_cortex.o
                0x000000000800098e                HAL_SYSTICK_Config
 .text.HAL_DAC_Init
                0x00000000080009a6       0x44 Drivers/STM32L4xx_HAL_Driver/Src/stm32l4xx_hal_dac.o
                0x00000000080009a6                HAL_DAC_Init
 .text.HAL_DAC_Start
                0x00000000080009ea       0x9a Drivers/STM32L4xx_HAL_Driver/Src/stm32l4xx_hal_dac.o
                0x00000000080009ea                HAL_DAC_Start
 .text.HAL_DAC_SetValue
                0x0000000008000a84       0x4a Drivers/STM32L4xx_HAL_Driver/Src/stm32l4xx_hal_dac.o
                0x0000000008000a84                HAL_DAC_SetValue
 .text.HAL_DAC_ConfigChannel
                0x0000000008000ace      0x234 Drivers/STM32L4xx_HAL_Driver/Src/stm32l4xx_hal_dac.o
                0x0000000008000ace                HAL_DAC_ConfigChannel
 *fill*         0x0000000008000d02        0x2 
 .text.HAL_GPIO_Init
                0x0000000008000d04      0x350 Drivers/STM32L4xx_HAL_Driver/Src/stm32l4xx_hal_gpio.o
                0x0000000008000d04                HAL_GPIO_Init
 .text.HAL_GPIO_ReadPin
                0x0000000008001054       0x30 Drivers/STM32L4xx_HAL_Driver/Src/stm32l4xx_hal_gpio.o
                0x0000000008001054                HAL_GPIO_ReadPin
 .text.HAL_GPIO_WritePin
                0x0000000008001084       0x30 Drivers/STM32L4xx_HAL_Driver/Src/stm32l4xx_hal_gpio.o
                0x0000000008001084                HAL_GPIO_WritePin
 .text.HAL_PWREx_GetVoltageRange
                0x00000000080010b4       0x1c Drivers/STM32L4xx_HAL_Driver/Src/stm32l4xx_hal_pwr_ex.o
                0x00000000080010b4                HAL_PWREx_GetVoltageRange
 .text.HAL_PWREx_ControlVoltageScaling
                0x00000000080010d0       0xac Drivers/STM32L4xx_HAL_Driver/Src/stm32l4xx_hal_pwr_ex.o
                0x00000000080010d0                HAL_PWREx_ControlVoltageScaling
 .text.HAL_RCC_OscConfig
                0x000000000800117c      0x7cc Drivers/STM32L4xx_HAL_Driver/Src/stm32l4xx_hal_rcc.o
                0x000000000800117c                HAL_RCC_OscConfig
 .text.HAL_RCC_ClockConfig
                0x0000000008001948      0x1c4 Drivers/STM32L4xx_HAL_Driver/Src/stm32l4xx_hal_rcc.o
                0x0000000008001948                HAL_RCC_ClockConfig
 .text.HAL_RCC_GetSysClockFreq
                0x0000000008001b0c      0x114 Drivers/STM32L4xx_HAL_Driver/Src/stm32l4xx_hal_rcc.o
                0x0000000008001b0c                HAL_RCC_GetSysClockFreq
 .text.RCC_SetFlashLatencyFromMSIRange
                0x0000000008001c20       0xc0 Drivers/STM32L4xx_HAL_Driver/Src/stm32l4xx_hal_rcc.o
 .text.arm_sin_f32
                0x0000000008001ce0       0x8c C:\Users\malki\Desktop\Ceng\Fall_2020\ECSE444\Labs\lab2\Core\Lib\libarm_cortexM4lf_math.a(arm_sin_f32.o)
                0x0000000008001ce0                arm_sin_f32
 .text.__libc_init_array
                0x0000000008001d6c       0x48 c:/st/stm32cubeide_1.4.0/stm32cubeide/plugins/com.st.stm32cube.ide.mcu.externaltools.gnu-tools-for-stm32.7-2018-q2-update.win32_1.4.0.202007081208/tools/bin/../lib/gcc/arm-none-eabi/7.3.1/../../../../arm-none-eabi/lib/thumb/v7e-m/fpv4-sp/hard\libc_nano.a(lib_a-init.o)
                0x0000000008001d6c                __libc_init_array
 .text.memset   0x0000000008001db4       0x10 c:/st/stm32cubeide_1.4.0/stm32cubeide/plugins/com.st.stm32cube.ide.mcu.externaltools.gnu-tools-for-stm32.7-2018-q2-update.win32_1.4.0.202007081208/tools/bin/../lib/gcc/arm-none-eabi/7.3.1/../../../../arm-none-eabi/lib/thumb/v7e-m/fpv4-sp/hard\libc_nano.a(lib_a-memset.o)
                0x0000000008001db4                memset
 *(.glue_7)
 .glue_7        0x0000000008001dc4        0x0 linker stubs
 *(.glue_7t)
 .glue_7t       0x0000000008001dc4        0x0 linker stubs
 *(.eh_frame)
 .eh_frame      0x0000000008001dc4        0x0 c:/st/stm32cubeide_1.4.0/stm32cubeide/plugins/com.st.stm32cube.ide.mcu.externaltools.gnu-tools-for-stm32.7-2018-q2-update.win32_1.4.0.202007081208/tools/bin/../lib/gcc/arm-none-eabi/7.3.1/thumb/v7e-m/fpv4-sp/hard/crtbegin.o
 *(.init)
 .init          0x0000000008001dc4        0x4 c:/st/stm32cubeide_1.4.0/stm32cubeide/plugins/com.st.stm32cube.ide.mcu.externaltools.gnu-tools-for-stm32.7-2018-q2-update.win32_1.4.0.202007081208/tools/bin/../lib/gcc/arm-none-eabi/7.3.1/thumb/v7e-m/fpv4-sp/hard/crti.o
                0x0000000008001dc4                _init
 .init          0x0000000008001dc8        0x8 c:/st/stm32cubeide_1.4.0/stm32cubeide/plugins/com.st.stm32cube.ide.mcu.externaltools.gnu-tools-for-stm32.7-2018-q2-update.win32_1.4.0.202007081208/tools/bin/../lib/gcc/arm-none-eabi/7.3.1/thumb/v7e-m/fpv4-sp/hard/crtn.o
 *(.fini)
 .fini          0x0000000008001dd0        0x4 c:/st/stm32cubeide_1.4.0/stm32cubeide/plugins/com.st.stm32cube.ide.mcu.externaltools.gnu-tools-for-stm32.7-2018-q2-update.win32_1.4.0.202007081208/tools/bin/../lib/gcc/arm-none-eabi/7.3.1/thumb/v7e-m/fpv4-sp/hard/crti.o
                0x0000000008001dd0                _fini
 .fini          0x0000000008001dd4        0x8 c:/st/stm32cubeide_1.4.0/stm32cubeide/plugins/com.st.stm32cube.ide.mcu.externaltools.gnu-tools-for-stm32.7-2018-q2-update.win32_1.4.0.202007081208/tools/bin/../lib/gcc/arm-none-eabi/7.3.1/thumb/v7e-m/fpv4-sp/hard/crtn.o
                0x0000000008001ddc                . = ALIGN (0x4)
                0x0000000008001ddc                _etext = .

.vfp11_veneer   0x0000000008001ddc        0x0
 .vfp11_veneer  0x0000000008001ddc        0x0 linker stubs

.v4_bx          0x0000000008001ddc        0x0
 .v4_bx         0x0000000008001ddc        0x0 linker stubs

.iplt           0x0000000008001ddc        0x0
 .iplt          0x0000000008001ddc        0x0 c:/st/stm32cubeide_1.4.0/stm32cubeide/plugins/com.st.stm32cube.ide.mcu.externaltools.gnu-tools-for-stm32.7-2018-q2-update.win32_1.4.0.202007081208/tools/bin/../lib/gcc/arm-none-eabi/7.3.1/thumb/v7e-m/fpv4-sp/hard/crtbegin.o

.rodata         0x0000000008001ddc      0x844
                0x0000000008001ddc                . = ALIGN (0x4)
 *(.rodata)
 *(.rodata*)
 .rodata.AHBPrescTable
                0x0000000008001ddc       0x10 Core/Src/system_stm32l4xx.o
                0x0000000008001ddc                AHBPrescTable
 .rodata.MSIRangeTable
                0x0000000008001dec       0x30 Core/Src/system_stm32l4xx.o
                0x0000000008001dec                MSIRangeTable
 .rodata.sinTable_f32
                0x0000000008001e1c      0x804 C:\Users\malki\Desktop\Ceng\Fall_2020\ECSE444\Labs\lab2\Core\Lib\libarm_cortexM4lf_math.a(arm_common_tables.o)
                0x0000000008001e1c                sinTable_f32
                0x0000000008002620                . = ALIGN (0x4)

.rel.dyn        0x0000000008002620        0x0
 .rel.iplt      0x0000000008002620        0x0 c:/st/stm32cubeide_1.4.0/stm32cubeide/plugins/com.st.stm32cube.ide.mcu.externaltools.gnu-tools-for-stm32.7-2018-q2-update.win32_1.4.0.202007081208/tools/bin/../lib/gcc/arm-none-eabi/7.3.1/thumb/v7e-m/fpv4-sp/hard/crtbegin.o

.ARM.extab      0x0000000008002620        0x0
                0x0000000008002620                . = ALIGN (0x4)
 *(.ARM.extab* .gnu.linkonce.armextab.*)
                0x0000000008002620                . = ALIGN (0x4)

.ARM            0x0000000008002620        0x0
                0x0000000008002620                . = ALIGN (0x4)
                0x0000000008002620                __exidx_start = .
 *(.ARM.exidx*)
                0x0000000008002620                __exidx_end = .
                0x0000000008002620                . = ALIGN (0x4)

.preinit_array  0x0000000008002620        0x0
                0x0000000008002620                . = ALIGN (0x4)
                0x0000000008002620                PROVIDE (__preinit_array_start = .)
 *(.preinit_array*)
                0x0000000008002620                PROVIDE (__preinit_array_end = .)
                0x0000000008002620                . = ALIGN (0x4)

.init_array     0x0000000008002620        0x4
                0x0000000008002620                . = ALIGN (0x4)
                0x0000000008002620                PROVIDE (__init_array_start = .)
 *(SORT_BY_NAME(.init_array.*))
 *(.init_array*)
 .init_array    0x0000000008002620        0x4 c:/st/stm32cubeide_1.4.0/stm32cubeide/plugins/com.st.stm32cube.ide.mcu.externaltools.gnu-tools-for-stm32.7-2018-q2-update.win32_1.4.0.202007081208/tools/bin/../lib/gcc/arm-none-eabi/7.3.1/thumb/v7e-m/fpv4-sp/hard/crtbegin.o
                0x0000000008002624                PROVIDE (__init_array_end = .)
                0x0000000008002624                . = ALIGN (0x4)

.fini_array     0x0000000008002624        0x4
                0x0000000008002624                . = ALIGN (0x4)
                [!provide]                        PROVIDE (__fini_array_start = .)
 *(SORT_BY_NAME(.fini_array.*))
 *(.fini_array*)
 .fini_array    0x0000000008002624        0x4 c:/st/stm32cubeide_1.4.0/stm32cubeide/plugins/com.st.stm32cube.ide.mcu.externaltools.gnu-tools-for-stm32.7-2018-q2-update.win32_1.4.0.202007081208/tools/bin/../lib/gcc/arm-none-eabi/7.3.1/thumb/v7e-m/fpv4-sp/hard/crtbegin.o
                [!provide]                        PROVIDE (__fini_array_end = .)
                0x0000000008002628                . = ALIGN (0x4)
                0x0000000008002628                _sidata = LOADADDR (.data)

.data           0x0000000020000000        0xc load address 0x0000000008002628
                0x0000000020000000                . = ALIGN (0x4)
                0x0000000020000000                _sdata = .
 *(.data)
 *(.data*)
 .data.SystemCoreClock
                0x0000000020000000        0x4 Core/Src/system_stm32l4xx.o
                0x0000000020000000                SystemCoreClock
 .data.uwTickPrio
                0x0000000020000004        0x4 Drivers/STM32L4xx_HAL_Driver/Src/stm32l4xx_hal.o
                0x0000000020000004                uwTickPrio
 .data.uwTickFreq
                0x0000000020000008        0x1 Drivers/STM32L4xx_HAL_Driver/Src/stm32l4xx_hal.o
                0x0000000020000008                uwTickFreq
                0x000000002000000c                . = ALIGN (0x4)
 *fill*         0x0000000020000009        0x3 
                0x000000002000000c                _edata = .

.igot.plt       0x000000002000000c        0x0 load address 0x0000000008002634
 .igot.plt      0x000000002000000c        0x0 c:/st/stm32cubeide_1.4.0/stm32cubeide/plugins/com.st.stm32cube.ide.mcu.externaltools.gnu-tools-for-stm32.7-2018-q2-update.win32_1.4.0.202007081208/tools/bin/../lib/gcc/arm-none-eabi/7.3.1/thumb/v7e-m/fpv4-sp/hard/crtbegin.o
                0x000000002000000c                . = ALIGN (0x4)

.bss            0x000000002000000c       0x34 load address 0x0000000008002634
                0x000000002000000c                _sbss = .
                0x000000002000000c                __bss_start__ = _sbss
 *(.bss)
 .bss           0x000000002000000c       0x1c c:/st/stm32cubeide_1.4.0/stm32cubeide/plugins/com.st.stm32cube.ide.mcu.externaltools.gnu-tools-for-stm32.7-2018-q2-update.win32_1.4.0.202007081208/tools/bin/../lib/gcc/arm-none-eabi/7.3.1/thumb/v7e-m/fpv4-sp/hard/crtbegin.o
 *(.bss*)
 *(COMMON)
 COMMON         0x0000000020000028       0x14 Core/Src/main.o
                0x0000000020000028                hdac1
 COMMON         0x000000002000003c        0x4 Drivers/STM32L4xx_HAL_Driver/Src/stm32l4xx_hal.o
                0x000000002000003c                uwTick
                0x0000000020000040                . = ALIGN (0x4)
                0x0000000020000040                _ebss = .
                0x0000000020000040                __bss_end__ = _ebss

._user_heap_stack
                0x0000000020000040      0x600 load address 0x0000000008002634
                0x0000000020000040                . = ALIGN (0x8)
                [!provide]                        PROVIDE (end = .)
                0x0000000020000040                PROVIDE (_end = .)
                0x0000000020000240                . = (. + _Min_Heap_Size)
 *fill*         0x0000000020000040      0x200 
                0x0000000020000640                . = (. + _Min_Stack_Size)
 *fill*         0x0000000020000240      0x400 
                0x0000000020000640                . = ALIGN (0x8)

/DISCARD/
 libc.a(*)
 libm.a(*)
 libgcc.a(*)

.ARM.attributes
                0x0000000000000000       0x30
 *(.ARM.attributes)
 .ARM.attributes
                0x0000000000000000       0x22 c:/st/stm32cubeide_1.4.0/stm32cubeide/plugins/com.st.stm32cube.ide.mcu.externaltools.gnu-tools-for-stm32.7-2018-q2-update.win32_1.4.0.202007081208/tools/bin/../lib/gcc/arm-none-eabi/7.3.1/thumb/v7e-m/fpv4-sp/hard/crti.o
 .ARM.attributes
                0x0000000000000022       0x34 c:/st/stm32cubeide_1.4.0/stm32cubeide/plugins/com.st.stm32cube.ide.mcu.externaltools.gnu-tools-for-stm32.7-2018-q2-update.win32_1.4.0.202007081208/tools/bin/../lib/gcc/arm-none-eabi/7.3.1/thumb/v7e-m/fpv4-sp/hard/crtbegin.o
 .ARM.attributes
                0x0000000000000056       0x39 Core/Src/main.o
 .ARM.attributes
                0x000000000000008f       0x39 Core/Src/stm32l4xx_hal_msp.o
 .ARM.attributes
                0x00000000000000c8       0x39 Core/Src/stm32l4xx_it.o
 .ARM.attributes
                0x0000000000000101       0x39 Core/Src/system_stm32l4xx.o
 .ARM.attributes
                0x000000000000013a       0x21 Core/Startup/startup_stm32l475vgtx.o
 .ARM.attributes
                0x000000000000015b       0x39 Drivers/STM32L4xx_HAL_Driver/Src/stm32l4xx_hal.o
 .ARM.attributes
                0x0000000000000194       0x39 Drivers/STM32L4xx_HAL_Driver/Src/stm32l4xx_hal_cortex.o
 .ARM.attributes
                0x00000000000001cd       0x39 Drivers/STM32L4xx_HAL_Driver/Src/stm32l4xx_hal_dac.o
 .ARM.attributes
                0x0000000000000206       0x39 Drivers/STM32L4xx_HAL_Driver/Src/stm32l4xx_hal_gpio.o
 .ARM.attributes
                0x000000000000023f       0x39 Drivers/STM32L4xx_HAL_Driver/Src/stm32l4xx_hal_pwr_ex.o
 .ARM.attributes
                0x0000000000000278       0x39 Drivers/STM32L4xx_HAL_Driver/Src/stm32l4xx_hal_rcc.o
 .ARM.attributes
                0x00000000000002b1       0x34 C:\Users\malki\Desktop\Ceng\Fall_2020\ECSE444\Labs\lab2\Core\Lib\libarm_cortexM4lf_math.a(arm_sin_f32.o)
 .ARM.attributes
                0x00000000000002e5       0x39 C:\Users\malki\Desktop\Ceng\Fall_2020\ECSE444\Labs\lab2\Core\Lib\libarm_cortexM4lf_math.a(arm_common_tables.o)
 .ARM.attributes
                0x000000000000031e       0x34 c:/st/stm32cubeide_1.4.0/stm32cubeide/plugins/com.st.stm32cube.ide.mcu.externaltools.gnu-tools-for-stm32.7-2018-q2-update.win32_1.4.0.202007081208/tools/bin/../lib/gcc/arm-none-eabi/7.3.1/../../../../arm-none-eabi/lib/thumb/v7e-m/fpv4-sp/hard\libc_nano.a(lib_a-init.o)
 .ARM.attributes
                0x0000000000000352       0x34 c:/st/stm32cubeide_1.4.0/stm32cubeide/plugins/com.st.stm32cube.ide.mcu.externaltools.gnu-tools-for-stm32.7-2018-q2-update.win32_1.4.0.202007081208/tools/bin/../lib/gcc/arm-none-eabi/7.3.1/../../../../arm-none-eabi/lib/thumb/v7e-m/fpv4-sp/hard\libc_nano.a(lib_a-memset.o)
 .ARM.attributes
                0x0000000000000386       0x22 c:/st/stm32cubeide_1.4.0/stm32cubeide/plugins/com.st.stm32cube.ide.mcu.externaltools.gnu-tools-for-stm32.7-2018-q2-update.win32_1.4.0.202007081208/tools/bin/../lib/gcc/arm-none-eabi/7.3.1/thumb/v7e-m/fpv4-sp/hard/crtn.o
OUTPUT(lab2.elf elf32-littlearm)

.debug_info     0x0000000000000000     0xa451
 .debug_info    0x0000000000000000     0x155c Core/Src/main.o
 .debug_info    0x000000000000155c      0xa56 Core/Src/stm32l4xx_hal_msp.o
 .debug_info    0x0000000000001fb2      0x349 Core/Src/stm32l4xx_it.o
 .debug_info    0x00000000000022fb      0x727 Core/Src/system_stm32l4xx.o
 .debug_info    0x0000000000002a22       0x22 Core/Startup/startup_stm32l475vgtx.o
 .debug_info    0x0000000000002a44      0xc1a Drivers/STM32L4xx_HAL_Driver/Src/stm32l4xx_hal.o
 .debug_info    0x000000000000365e      0xf67 Drivers/STM32L4xx_HAL_Driver/Src/stm32l4xx_hal_cortex.o
 .debug_info    0x00000000000045c5      0xbd0 Drivers/STM32L4xx_HAL_Driver/Src/stm32l4xx_hal_dac.o
 .debug_info    0x0000000000005195      0x9c2 Drivers/STM32L4xx_HAL_Driver/Src/stm32l4xx_hal_gpio.o
 .debug_info    0x0000000000005b57      0xb35 Drivers/STM32L4xx_HAL_Driver/Src/stm32l4xx_hal_pwr_ex.o
 .debug_info    0x000000000000668c      0xd2f Drivers/STM32L4xx_HAL_Driver/Src/stm32l4xx_hal_rcc.o
 .debug_info    0x00000000000073bb     0x1612 C:\Users\malki\Desktop\Ceng\Fall_2020\ECSE444\Labs\lab2\Core\Lib\libarm_cortexM4lf_math.a(arm_sin_f32.o)
 .debug_info    0x00000000000089cd     0x1a84 C:\Users\malki\Desktop\Ceng\Fall_2020\ECSE444\Labs\lab2\Core\Lib\libarm_cortexM4lf_math.a(arm_common_tables.o)

.debug_abbrev   0x0000000000000000     0x16b7
 .debug_abbrev  0x0000000000000000      0x24d Core/Src/main.o
 .debug_abbrev  0x000000000000024d      0x18c Core/Src/stm32l4xx_hal_msp.o
 .debug_abbrev  0x00000000000003d9       0xe2 Core/Src/stm32l4xx_it.o
 .debug_abbrev  0x00000000000004bb      0x150 Core/Src/system_stm32l4xx.o
 .debug_abbrev  0x000000000000060b       0x12 Core/Startup/startup_stm32l475vgtx.o
 .debug_abbrev  0x000000000000061d      0x1fb Drivers/STM32L4xx_HAL_Driver/Src/stm32l4xx_hal.o
 .debug_abbrev  0x0000000000000818      0x2fa Drivers/STM32L4xx_HAL_Driver/Src/stm32l4xx_hal_cortex.o
 .debug_abbrev  0x0000000000000b12      0x1cc Drivers/STM32L4xx_HAL_Driver/Src/stm32l4xx_hal_dac.o
 .debug_abbrev  0x0000000000000cde      0x1c0 Drivers/STM32L4xx_HAL_Driver/Src/stm32l4xx_hal_gpio.o
 .debug_abbrev  0x0000000000000e9e      0x1cb Drivers/STM32L4xx_HAL_Driver/Src/stm32l4xx_hal_pwr_ex.o
 .debug_abbrev  0x0000000000001069      0x245 Drivers/STM32L4xx_HAL_Driver/Src/stm32l4xx_hal_rcc.o
 .debug_abbrev  0x00000000000012ae      0x22c C:\Users\malki\Desktop\Ceng\Fall_2020\ECSE444\Labs\lab2\Core\Lib\libarm_cortexM4lf_math.a(arm_sin_f32.o)
 .debug_abbrev  0x00000000000014da      0x1dd C:\Users\malki\Desktop\Ceng\Fall_2020\ECSE444\Labs\lab2\Core\Lib\libarm_cortexM4lf_math.a(arm_common_tables.o)

.debug_aranges  0x0000000000000000      0x690
 .debug_aranges
                0x0000000000000000       0x40 Core/Src/main.o
 .debug_aranges
                0x0000000000000040       0x30 Core/Src/stm32l4xx_hal_msp.o
 .debug_aranges
                0x0000000000000070       0x60 Core/Src/stm32l4xx_it.o
 .debug_aranges
                0x00000000000000d0       0x28 Core/Src/system_stm32l4xx.o
 .debug_aranges
                0x00000000000000f8       0x28 Core/Startup/startup_stm32l475vgtx.o
 .debug_aranges
                0x0000000000000120      0x130 Drivers/STM32L4xx_HAL_Driver/Src/stm32l4xx_hal.o
 .debug_aranges
                0x0000000000000250      0x118 Drivers/STM32L4xx_HAL_Driver/Src/stm32l4xx_hal_cortex.o
 .debug_aranges
                0x0000000000000368       0xc0 Drivers/STM32L4xx_HAL_Driver/Src/stm32l4xx_hal_dac.o
 .debug_aranges
                0x0000000000000428       0x58 Drivers/STM32L4xx_HAL_Driver/Src/stm32l4xx_hal_gpio.o
 .debug_aranges
                0x0000000000000480      0x150 Drivers/STM32L4xx_HAL_Driver/Src/stm32l4xx_hal_pwr_ex.o
 .debug_aranges
                0x00000000000005d0       0x88 Drivers/STM32L4xx_HAL_Driver/Src/stm32l4xx_hal_rcc.o
 .debug_aranges
                0x0000000000000658       0x20 C:\Users\malki\Desktop\Ceng\Fall_2020\ECSE444\Labs\lab2\Core\Lib\libarm_cortexM4lf_math.a(arm_sin_f32.o)
 .debug_aranges
                0x0000000000000678       0x18 C:\Users\malki\Desktop\Ceng\Fall_2020\ECSE444\Labs\lab2\Core\Lib\libarm_cortexM4lf_math.a(arm_common_tables.o)

.debug_ranges   0x0000000000000000      0x5c0
 .debug_ranges  0x0000000000000000       0x30 Core/Src/main.o
 .debug_ranges  0x0000000000000030       0x20 Core/Src/stm32l4xx_hal_msp.o
 .debug_ranges  0x0000000000000050       0x50 Core/Src/stm32l4xx_it.o
 .debug_ranges  0x00000000000000a0       0x18 Core/Src/system_stm32l4xx.o
 .debug_ranges  0x00000000000000b8       0x20 Core/Startup/startup_stm32l475vgtx.o
 .debug_ranges  0x00000000000000d8      0x120 Drivers/STM32L4xx_HAL_Driver/Src/stm32l4xx_hal.o
 .debug_ranges  0x00000000000001f8      0x108 Drivers/STM32L4xx_HAL_Driver/Src/stm32l4xx_hal_cortex.o
 .debug_ranges  0x0000000000000300       0xb0 Drivers/STM32L4xx_HAL_Driver/Src/stm32l4xx_hal_dac.o
 .debug_ranges  0x00000000000003b0       0x48 Drivers/STM32L4xx_HAL_Driver/Src/stm32l4xx_hal_gpio.o
 .debug_ranges  0x00000000000003f8      0x140 Drivers/STM32L4xx_HAL_Driver/Src/stm32l4xx_hal_pwr_ex.o
 .debug_ranges  0x0000000000000538       0x78 Drivers/STM32L4xx_HAL_Driver/Src/stm32l4xx_hal_rcc.o
 .debug_ranges  0x00000000000005b0       0x10 C:\Users\malki\Desktop\Ceng\Fall_2020\ECSE444\Labs\lab2\Core\Lib\libarm_cortexM4lf_math.a(arm_sin_f32.o)

.debug_macro    0x0000000000000000    0x25123
 .debug_macro   0x0000000000000000      0x2cf Core/Src/main.o
 .debug_macro   0x00000000000002cf      0xa5a Core/Src/main.o
 .debug_macro   0x0000000000000d29      0x1a7 Core/Src/main.o
 .debug_macro   0x0000000000000ed0       0x2e Core/Src/main.o
 .debug_macro   0x0000000000000efe       0x28 Core/Src/main.o
 .debug_macro   0x0000000000000f26       0x22 Core/Src/main.o
 .debug_macro   0x0000000000000f48       0x8e Core/Src/main.o
 .debug_macro   0x0000000000000fd6       0x51 Core/Src/main.o
 .debug_macro   0x0000000000001027       0xef Core/Src/main.o
 .debug_macro   0x0000000000001116       0x6a Core/Src/main.o
 .debug_macro   0x0000000000001180      0x1df Core/Src/main.o
 .debug_macro   0x000000000000135f       0x1c Core/Src/main.o
 .debug_macro   0x000000000000137b       0x22 Core/Src/main.o
 .debug_macro   0x000000000000139d      0x101 Core/Src/main.o
 .debug_macro   0x000000000000149e     0x1011 Core/Src/main.o
 .debug_macro   0x00000000000024af      0x11f Core/Src/main.o
 .debug_macro   0x00000000000025ce    0x19db6 Core/Src/main.o
 .debug_macro   0x000000000001c384       0x43 Core/Src/main.o
 .debug_macro   0x000000000001c3c7     0x3890 Core/Src/main.o
 .debug_macro   0x000000000001fc57      0x174 Core/Src/main.o
 .debug_macro   0x000000000001fdcb       0x5c Core/Src/main.o
 .debug_macro   0x000000000001fe27     0x1519 Core/Src/main.o
 .debug_macro   0x0000000000021340      0x59e Core/Src/main.o
 .debug_macro   0x00000000000218de      0x13d Core/Src/main.o
 .debug_macro   0x0000000000021a1b      0x17d Core/Src/main.o
 .debug_macro   0x0000000000021b98      0x26b Core/Src/main.o
 .debug_macro   0x0000000000021e03      0x23d Core/Src/main.o
 .debug_macro   0x0000000000022040      0x153 Core/Src/main.o
 .debug_macro   0x0000000000022193       0xd8 Core/Src/main.o
 .debug_macro   0x000000000002226b      0x241 Core/Src/main.o
 .debug_macro   0x00000000000224ac      0x37c Core/Src/main.o
 .debug_macro   0x0000000000022828       0xd6 Core/Src/main.o
 .debug_macro   0x00000000000228fe      0x22c Core/Src/main.o
 .debug_macro   0x0000000000022b2a       0x61 Core/Src/main.o
 .debug_macro   0x0000000000022b8b       0xa5 Core/Src/main.o
 .debug_macro   0x0000000000022c30      0x122 Core/Src/main.o
 .debug_macro   0x0000000000022d52      0x3e9 Core/Src/main.o
 .debug_macro   0x000000000002313b      0x331 Core/Src/main.o
 .debug_macro   0x000000000002346c       0x1c Core/Src/main.o
 .debug_macro   0x0000000000023488       0x46 Core/Src/main.o
 .debug_macro   0x00000000000234ce       0x18 Core/Src/main.o
 .debug_macro   0x00000000000234e6       0x3c Core/Src/main.o
 .debug_macro   0x0000000000023522       0x34 Core/Src/main.o
 .debug_macro   0x0000000000023556       0x52 Core/Src/main.o
 .debug_macro   0x00000000000235a8       0x1f Core/Src/main.o
 .debug_macro   0x00000000000235c7       0x43 Core/Src/main.o
 .debug_macro   0x000000000002360a       0x20 Core/Src/main.o
 .debug_macro   0x000000000002362a      0x1a3 Core/Src/main.o
 .debug_macro   0x00000000000237cd      0x32a Core/Src/main.o
 .debug_macro   0x0000000000023af7       0x10 Core/Src/main.o
 .debug_macro   0x0000000000023b07       0x35 Core/Src/main.o
 .debug_macro   0x0000000000023b3c       0x20 Core/Src/main.o
 .debug_macro   0x0000000000023b5c      0x1e1 Core/Src/main.o
 .debug_macro   0x0000000000023d3d      0x201 Core/Src/main.o
 .debug_macro   0x0000000000023f3e       0xc8 Core/Src/main.o
 .debug_macro   0x0000000000024006      0x1d4 Core/Src/stm32l4xx_hal_msp.o
 .debug_macro   0x00000000000241da      0x1de Core/Src/stm32l4xx_it.o
 .debug_macro   0x00000000000243b8      0x1cb Core/Src/system_stm32l4xx.o
 .debug_macro   0x0000000000024583      0x213 Drivers/STM32L4xx_HAL_Driver/Src/stm32l4xx_hal.o
 .debug_macro   0x0000000000024796      0x1c5 Drivers/STM32L4xx_HAL_Driver/Src/stm32l4xx_hal_cortex.o
 .debug_macro   0x000000000002495b      0x1d4 Drivers/STM32L4xx_HAL_Driver/Src/stm32l4xx_hal_dac.o
 .debug_macro   0x0000000000024b2f      0x204 Drivers/STM32L4xx_HAL_Driver/Src/stm32l4xx_hal_gpio.o
 .debug_macro   0x0000000000024d33      0x1e9 Drivers/STM32L4xx_HAL_Driver/Src/stm32l4xx_hal_pwr_ex.o
 .debug_macro   0x0000000000024f1c      0x207 Drivers/STM32L4xx_HAL_Driver/Src/stm32l4xx_hal_rcc.o

.debug_line     0x0000000000000000     0x5ced
 .debug_line    0x0000000000000000      0x8e4 Core/Src/main.o
 .debug_line    0x00000000000008e4      0x6ed Core/Src/stm32l4xx_hal_msp.o
 .debug_line    0x0000000000000fd1      0x764 Core/Src/stm32l4xx_it.o
 .debug_line    0x0000000000001735      0x6eb Core/Src/system_stm32l4xx.o
 .debug_line    0x0000000000001e20       0x87 Core/Startup/startup_stm32l475vgtx.o
 .debug_line    0x0000000000001ea7      0x961 Drivers/STM32L4xx_HAL_Driver/Src/stm32l4xx_hal.o
 .debug_line    0x0000000000002808      0x9e9 Drivers/STM32L4xx_HAL_Driver/Src/stm32l4xx_hal_cortex.o
 .debug_line    0x00000000000031f1      0x920 Drivers/STM32L4xx_HAL_Driver/Src/stm32l4xx_hal_dac.o
 .debug_line    0x0000000000003b11      0x87c Drivers/STM32L4xx_HAL_Driver/Src/stm32l4xx_hal_gpio.o
 .debug_line    0x000000000000438d      0xa75 Drivers/STM32L4xx_HAL_Driver/Src/stm32l4xx_hal_pwr_ex.o
 .debug_line    0x0000000000004e02      0x9d8 Drivers/STM32L4xx_HAL_Driver/Src/stm32l4xx_hal_rcc.o
 .debug_line    0x00000000000057da      0x2d0 C:\Users\malki\Desktop\Ceng\Fall_2020\ECSE444\Labs\lab2\Core\Lib\libarm_cortexM4lf_math.a(arm_sin_f32.o)
 .debug_line    0x0000000000005aaa      0x243 C:\Users\malki\Desktop\Ceng\Fall_2020\ECSE444\Labs\lab2\Core\Lib\libarm_cortexM4lf_math.a(arm_common_tables.o)

.debug_str      0x0000000000000000    0xe4b16
 .debug_str     0x0000000000000000    0xe2639 Core/Src/main.o
                                      0xe2abb (size before relaxing)
 .debug_str     0x00000000000e2639       0x53 Core/Src/stm32l4xx_hal_msp.o
                                      0xde427 (size before relaxing)
 .debug_str     0x00000000000e268c       0xbd Core/Src/stm32l4xx_it.o
                                      0xddffb (size before relaxing)
 .debug_str     0x00000000000e2749       0xcd Core/Src/system_stm32l4xx.o
                                      0xde0fa (size before relaxing)
 .debug_str     0x00000000000e2816       0x36 Core/Startup/startup_stm32l475vgtx.o
                                         0x74 (size before relaxing)
 .debug_str     0x00000000000e284c      0x9e8 Drivers/STM32L4xx_HAL_Driver/Src/stm32l4xx_hal.o
                                      0xdebd5 (size before relaxing)
 .debug_str     0x00000000000e3234      0x389 Drivers/STM32L4xx_HAL_Driver/Src/stm32l4xx_hal_cortex.o
                                      0xde945 (size before relaxing)
 .debug_str     0x00000000000e35bd      0x211 Drivers/STM32L4xx_HAL_Driver/Src/stm32l4xx_hal_dac.o
                                      0xde530 (size before relaxing)
 .debug_str     0x00000000000e37ce      0x23b Drivers/STM32L4xx_HAL_Driver/Src/stm32l4xx_hal_gpio.o
                                      0xde379 (size before relaxing)
 .debug_str     0x00000000000e3a09      0x4b4 Drivers/STM32L4xx_HAL_Driver/Src/stm32l4xx_hal_pwr_ex.o
                                      0xde615 (size before relaxing)
 .debug_str     0x00000000000e3ebd      0x3b5 Drivers/STM32L4xx_HAL_Driver/Src/stm32l4xx_hal_rcc.o
                                      0xde6bc (size before relaxing)
 .debug_str     0x00000000000e4272      0x876 C:\Users\malki\Desktop\Ceng\Fall_2020\ECSE444\Labs\lab2\Core\Lib\libarm_cortexM4lf_math.a(arm_sin_f32.o)
                                        0xd42 (size before relaxing)
 .debug_str     0x00000000000e4ae8       0x2e C:\Users\malki\Desktop\Ceng\Fall_2020\ECSE444\Labs\lab2\Core\Lib\libarm_cortexM4lf_math.a(arm_common_tables.o)
                                        0xd1d (size before relaxing)

.comment        0x0000000000000000       0xf0
 .comment       0x0000000000000000       0x7b Core/Src/main.o
                                         0x7c (size before relaxing)
 .comment       0x000000000000007b       0x7c Core/Src/stm32l4xx_hal_msp.o
 .comment       0x000000000000007b       0x7c Core/Src/stm32l4xx_it.o
 .comment       0x000000000000007b       0x7c Core/Src/system_stm32l4xx.o
 .comment       0x000000000000007b       0x7c Drivers/STM32L4xx_HAL_Driver/Src/stm32l4xx_hal.o
 .comment       0x000000000000007b       0x7c Drivers/STM32L4xx_HAL_Driver/Src/stm32l4xx_hal_cortex.o
 .comment       0x000000000000007b       0x7c Drivers/STM32L4xx_HAL_Driver/Src/stm32l4xx_hal_dac.o
 .comment       0x000000000000007b       0x7c Drivers/STM32L4xx_HAL_Driver/Src/stm32l4xx_hal_gpio.o
 .comment       0x000000000000007b       0x7c Drivers/STM32L4xx_HAL_Driver/Src/stm32l4xx_hal_pwr_ex.o
 .comment       0x000000000000007b       0x7c Drivers/STM32L4xx_HAL_Driver/Src/stm32l4xx_hal_rcc.o
 .comment       0x000000000000007b       0x75 C:\Users\malki\Desktop\Ceng\Fall_2020\ECSE444\Labs\lab2\Core\Lib\libarm_cortexM4lf_math.a(arm_sin_f32.o)
                                         0x76 (size before relaxing)
 .comment       0x00000000000000f0       0x76 C:\Users\malki\Desktop\Ceng\Fall_2020\ECSE444\Labs\lab2\Core\Lib\libarm_cortexM4lf_math.a(arm_common_tables.o)

.debug_frame    0x0000000000000000     0x17f8
 .debug_frame   0x0000000000000000       0xbc Core/Src/main.o
 .debug_frame   0x00000000000000bc       0x80 Core/Src/stm32l4xx_hal_msp.o
 .debug_frame   0x000000000000013c      0x10c Core/Src/stm32l4xx_it.o
 .debug_frame   0x0000000000000248       0x58 Core/Src/system_stm32l4xx.o
 .debug_frame   0x00000000000002a0      0x498 Drivers/STM32L4xx_HAL_Driver/Src/stm32l4xx_hal.o
 .debug_frame   0x0000000000000738      0x498 Drivers/STM32L4xx_HAL_Driver/Src/stm32l4xx_hal_cortex.o
 .debug_frame   0x0000000000000bd0      0x338 Drivers/STM32L4xx_HAL_Driver/Src/stm32l4xx_hal_dac.o
 .debug_frame   0x0000000000000f08      0x14c Drivers/STM32L4xx_HAL_Driver/Src/stm32l4xx_hal_gpio.o
 .debug_frame   0x0000000000001054      0x544 Drivers/STM32L4xx_HAL_Driver/Src/stm32l4xx_hal_pwr_ex.o
 .debug_frame   0x0000000000001598      0x1f4 Drivers/STM32L4xx_HAL_Driver/Src/stm32l4xx_hal_rcc.o
 .debug_frame   0x000000000000178c       0x20 C:\Users\malki\Desktop\Ceng\Fall_2020\ECSE444\Labs\lab2\Core\Lib\libarm_cortexM4lf_math.a(arm_sin_f32.o)
 .debug_frame   0x00000000000017ac       0x2c c:/st/stm32cubeide_1.4.0/stm32cubeide/plugins/com.st.stm32cube.ide.mcu.externaltools.gnu-tools-for-stm32.7-2018-q2-update.win32_1.4.0.202007081208/tools/bin/../lib/gcc/arm-none-eabi/7.3.1/../../../../arm-none-eabi/lib/thumb/v7e-m/fpv4-sp/hard\libc_nano.a(lib_a-init.o)
 .debug_frame   0x00000000000017d8       0x20 c:/st/stm32cubeide_1.4.0/stm32cubeide/plugins/com.st.stm32cube.ide.mcu.externaltools.gnu-tools-for-stm32.7-2018-q2-update.win32_1.4.0.202007081208/tools/bin/../lib/gcc/arm-none-eabi/7.3.1/../../../../arm-none-eabi/lib/thumb/v7e-m/fpv4-sp/hard\libc_nano.a(lib_a-memset.o)

.debug_loc      0x0000000000000000       0xfa
 .debug_loc     0x0000000000000000       0xfa C:\Users\malki\Desktop\Ceng\Fall_2020\ECSE444\Labs\lab2\Core\Lib\libarm_cortexM4lf_math.a(arm_sin_f32.o)
