Archive member included to satisfy reference by file (symbol)

C:\Users\malki\Desktop\Ceng\Fall_2020\ECSE444\Labs\lab1\Core\Lib\libarm_cortexM4lf_math.a(arm_std_f32.o)
                              Core/Src/main.o (arm_std_f32)
C:\Users\malki\Desktop\Ceng\Fall_2020\ECSE444\Labs\lab1\Core\Lib\libarm_cortexM4lf_math.a(arm_mult_f32.o)
                              Core/Src/main.o (arm_mult_f32)
c:/st/stm32cubeide_1.4.0/stm32cubeide/plugins/com.st.stm32cube.ide.mcu.externaltools.gnu-tools-for-stm32.7-2018-q2-update.win32_1.4.0.202007081208/tools/bin/../lib/gcc/arm-none-eabi/7.3.1/../../../../arm-none-eabi/lib/thumb/v7e-m/fpv4-sp/hard\libc_nano.a(lib_a-errno.o)
                              Core/Src/syscalls.o (__errno)
c:/st/stm32cubeide_1.4.0/stm32cubeide/plugins/com.st.stm32cube.ide.mcu.externaltools.gnu-tools-for-stm32.7-2018-q2-update.win32_1.4.0.202007081208/tools/bin/../lib/gcc/arm-none-eabi/7.3.1/../../../../arm-none-eabi/lib/thumb/v7e-m/fpv4-sp/hard\libc_nano.a(lib_a-exit.o)
                              c:/st/stm32cubeide_1.4.0/stm32cubeide/plugins/com.st.stm32cube.ide.mcu.externaltools.gnu-tools-for-stm32.7-2018-q2-update.win32_1.4.0.202007081208/tools/bin/../lib/gcc/arm-none-eabi/7.3.1/../../../../arm-none-eabi/lib/thumb/v7e-m/fpv4-sp/hard/crt0.o (exit)
c:/st/stm32cubeide_1.4.0/stm32cubeide/plugins/com.st.stm32cube.ide.mcu.externaltools.gnu-tools-for-stm32.7-2018-q2-update.win32_1.4.0.202007081208/tools/bin/../lib/gcc/arm-none-eabi/7.3.1/../../../../arm-none-eabi/lib/thumb/v7e-m/fpv4-sp/hard\libc_nano.a(lib_a-impure.o)
                              c:/st/stm32cubeide_1.4.0/stm32cubeide/plugins/com.st.stm32cube.ide.mcu.externaltools.gnu-tools-for-stm32.7-2018-q2-update.win32_1.4.0.202007081208/tools/bin/../lib/gcc/arm-none-eabi/7.3.1/../../../../arm-none-eabi/lib/thumb/v7e-m/fpv4-sp/hard\libc_nano.a(lib_a-exit.o) (_global_impure_ptr)
c:/st/stm32cubeide_1.4.0/stm32cubeide/plugins/com.st.stm32cube.ide.mcu.externaltools.gnu-tools-for-stm32.7-2018-q2-update.win32_1.4.0.202007081208/tools/bin/../lib/gcc/arm-none-eabi/7.3.1/../../../../arm-none-eabi/lib/thumb/v7e-m/fpv4-sp/hard\libc_nano.a(lib_a-init.o)
                              c:/st/stm32cubeide_1.4.0/stm32cubeide/plugins/com.st.stm32cube.ide.mcu.externaltools.gnu-tools-for-stm32.7-2018-q2-update.win32_1.4.0.202007081208/tools/bin/../lib/gcc/arm-none-eabi/7.3.1/../../../../arm-none-eabi/lib/thumb/v7e-m/fpv4-sp/hard/crt0.o (__libc_init_array)
c:/st/stm32cubeide_1.4.0/stm32cubeide/plugins/com.st.stm32cube.ide.mcu.externaltools.gnu-tools-for-stm32.7-2018-q2-update.win32_1.4.0.202007081208/tools/bin/../lib/gcc/arm-none-eabi/7.3.1/../../../../arm-none-eabi/lib/thumb/v7e-m/fpv4-sp/hard\libc_nano.a(lib_a-memset.o)
                              c:/st/stm32cubeide_1.4.0/stm32cubeide/plugins/com.st.stm32cube.ide.mcu.externaltools.gnu-tools-for-stm32.7-2018-q2-update.win32_1.4.0.202007081208/tools/bin/../lib/gcc/arm-none-eabi/7.3.1/../../../../arm-none-eabi/lib/thumb/v7e-m/fpv4-sp/hard/crt0.o (memset)
c:/st/stm32cubeide_1.4.0/stm32cubeide/plugins/com.st.stm32cube.ide.mcu.externaltools.gnu-tools-for-stm32.7-2018-q2-update.win32_1.4.0.202007081208/tools/bin/../lib/gcc/arm-none-eabi/7.3.1/../../../../arm-none-eabi/lib/thumb/v7e-m/fpv4-sp/hard\libm.a(lib_a-w_sqrt.o)
                              Core/Src/cStdDev.o (sqrt)
c:/st/stm32cubeide_1.4.0/stm32cubeide/plugins/com.st.stm32cube.ide.mcu.externaltools.gnu-tools-for-stm32.7-2018-q2-update.win32_1.4.0.202007081208/tools/bin/../lib/gcc/arm-none-eabi/7.3.1/../../../../arm-none-eabi/lib/thumb/v7e-m/fpv4-sp/hard\libm.a(lib_a-wf_sqrt.o)
                              C:\Users\malki\Desktop\Ceng\Fall_2020\ECSE444\Labs\lab1\Core\Lib\libarm_cortexM4lf_math.a(arm_std_f32.o) (sqrtf)
c:/st/stm32cubeide_1.4.0/stm32cubeide/plugins/com.st.stm32cube.ide.mcu.externaltools.gnu-tools-for-stm32.7-2018-q2-update.win32_1.4.0.202007081208/tools/bin/../lib/gcc/arm-none-eabi/7.3.1/../../../../arm-none-eabi/lib/thumb/v7e-m/fpv4-sp/hard\libm.a(lib_a-e_sqrt.o)
                              c:/st/stm32cubeide_1.4.0/stm32cubeide/plugins/com.st.stm32cube.ide.mcu.externaltools.gnu-tools-for-stm32.7-2018-q2-update.win32_1.4.0.202007081208/tools/bin/../lib/gcc/arm-none-eabi/7.3.1/../../../../arm-none-eabi/lib/thumb/v7e-m/fpv4-sp/hard\libm.a(lib_a-w_sqrt.o) (__ieee754_sqrt)
c:/st/stm32cubeide_1.4.0/stm32cubeide/plugins/com.st.stm32cube.ide.mcu.externaltools.gnu-tools-for-stm32.7-2018-q2-update.win32_1.4.0.202007081208/tools/bin/../lib/gcc/arm-none-eabi/7.3.1/../../../../arm-none-eabi/lib/thumb/v7e-m/fpv4-sp/hard\libm.a(lib_a-ef_sqrt.o)
                              c:/st/stm32cubeide_1.4.0/stm32cubeide/plugins/com.st.stm32cube.ide.mcu.externaltools.gnu-tools-for-stm32.7-2018-q2-update.win32_1.4.0.202007081208/tools/bin/../lib/gcc/arm-none-eabi/7.3.1/../../../../arm-none-eabi/lib/thumb/v7e-m/fpv4-sp/hard\libm.a(lib_a-wf_sqrt.o) (__ieee754_sqrtf)
[...]
Memory Configuration

Name             Origin             Length             Attributes
RAM              0x0000000020000000 0x0000000000018000 xrw
RAM2             0x0000000010000000 0x0000000000008000 xrw
FLASH            0x0000000008000000 0x0000000000100000 xr
*default*        0x0000000000000000 0xffffffffffffffff

Linker script and memory map

LOAD c:/st/stm32cubeide_1.4.0/stm32cubeide/plugins/com.st.stm32cube.ide.mcu.externaltools.gnu-tools-for-stm32.7-2018-q2-update.win32_1.4.0.202007081208/tools/bin/../lib/gcc/arm-none-eabi/7.3.1/thumb/v7e-m/fpv4-sp/hard/crti.o
LOAD c:/st/stm32cubeide_1.4.0/stm32cubeide/plugins/com.st.stm32cube.ide.mcu.externaltools.gnu-tools-for-stm32.7-2018-q2-update.win32_1.4.0.202007081208/tools/bin/../lib/gcc/arm-none-eabi/7.3.1/thumb/v7e-m/fpv4-sp/hard/crtbegin.o
LOAD c:/st/stm32cubeide_1.4.0/stm32cubeide/plugins/com.st.stm32cube.ide.mcu.externaltools.gnu-tools-for-stm32.7-2018-q2-update.win32_1.4.0.202007081208/tools/bin/../lib/gcc/arm-none-eabi/7.3.1/../../../../arm-none-eabi/lib/thumb/v7e-m/fpv4-sp/hard/crt0.o
LOAD Core/Src/asmMul.o
LOAD Core/Src/asmStdDev.o
LOAD Core/Src/asmmax.o
LOAD Core/Src/cMax.o
LOAD Core/Src/cMul.o
LOAD Core/Src/cStdDev.o
LOAD Core/Src/main.o
LOAD Core/Src/stm32l4xx_hal_msp.o
LOAD Core/Src/stm32l4xx_it.o
LOAD Core/Src/syscalls.o
LOAD Core/Src/sysmem.o
LOAD Core/Src/system_stm32l4xx.o
LOAD Core/Startup/startup_stm32l475vgtx.o
LOAD Drivers/STM32L4xx_HAL_Driver/Src/stm32l4xx_hal.o
LOAD Drivers/STM32L4xx_HAL_Driver/Src/stm32l4xx_hal_cortex.o
LOAD Drivers/STM32L4xx_HAL_Driver/Src/stm32l4xx_hal_dma.o
LOAD Drivers/STM32L4xx_HAL_Driver/Src/stm32l4xx_hal_dma_ex.o
LOAD Drivers/STM32L4xx_HAL_Driver/Src/stm32l4xx_hal_exti.o
LOAD Drivers/STM32L4xx_HAL_Driver/Src/stm32l4xx_hal_flash.o
LOAD Drivers/STM32L4xx_HAL_Driver/Src/stm32l4xx_hal_flash_ex.o
LOAD Drivers/STM32L4xx_HAL_Driver/Src/stm32l4xx_hal_flash_ramfunc.o
LOAD Drivers/STM32L4xx_HAL_Driver/Src/stm32l4xx_hal_gpio.o
LOAD Drivers/STM32L4xx_HAL_Driver/Src/stm32l4xx_hal_i2c.o
LOAD Drivers/STM32L4xx_HAL_Driver/Src/stm32l4xx_hal_i2c_ex.o
LOAD Drivers/STM32L4xx_HAL_Driver/Src/stm32l4xx_hal_pwr.o
LOAD Drivers/STM32L4xx_HAL_Driver/Src/stm32l4xx_hal_pwr_ex.o
LOAD Drivers/STM32L4xx_HAL_Driver/Src/stm32l4xx_hal_rcc.o
LOAD Drivers/STM32L4xx_HAL_Driver/Src/stm32l4xx_hal_rcc_ex.o
LOAD Drivers/STM32L4xx_HAL_Driver/Src/stm32l4xx_hal_tim.o
LOAD Drivers/STM32L4xx_HAL_Driver/Src/stm32l4xx_hal_tim_ex.o
LOAD C:\Users\malki\Desktop\Ceng\Fall_2020\ECSE444\Labs\lab1\Core\Lib\libarm_cortexM4lf_math.a
START GROUP
LOAD c:/st/stm32cubeide_1.4.0/stm32cubeide/plugins/com.st.stm32cube.ide.mcu.externaltools.gnu-tools-for-stm32.7-2018-q2-update.win32_1.4.0.202007081208/tools/bin/../lib/gcc/arm-none-eabi/7.3.1/../../../../arm-none-eabi/lib/thumb/v7e-m/fpv4-sp/hard\libc_nano.a
LOAD c:/st/stm32cubeide_1.4.0/stm32cubeide/plugins/com.st.stm32cube.ide.mcu.externaltools.gnu-tools-for-stm32.7-2018-q2-update.win32_1.4.0.202007081208/tools/bin/../lib/gcc/arm-none-eabi/7.3.1/../../../../arm-none-eabi/lib/thumb/v7e-m/fpv4-sp/hard\libm.a
END GROUP
START GROUP
LOAD c:/st/stm32cubeide_1.4.0/stm32cubeide/plugins/com.st.stm32cube.ide.mcu.externaltools.gnu-tools-for-stm32.7-2018-q2-update.win32_1.4.0.202007081208/tools/bin/../lib/gcc/arm-none-eabi/7.3.1/thumb/v7e-m/fpv4-sp/hard\libgcc.a
LOAD c:/st/stm32cubeide_1.4.0/stm32cubeide/plugins/com.st.stm32cube.ide.mcu.externaltools.gnu-tools-for-stm32.7-2018-q2-update.win32_1.4.0.202007081208/tools/bin/../lib/gcc/arm-none-eabi/7.3.1/../../../../arm-none-eabi/lib/thumb/v7e-m/fpv4-sp/hard\libc_nano.a
END GROUP
START GROUP
LOAD c:/st/stm32cubeide_1.4.0/stm32cubeide/plugins/com.st.stm32cube.ide.mcu.externaltools.gnu-tools-for-stm32.7-2018-q2-update.win32_1.4.0.202007081208/tools/bin/../lib/gcc/arm-none-eabi/7.3.1/thumb/v7e-m/fpv4-sp/hard\libgcc.a
LOAD c:/st/stm32cubeide_1.4.0/stm32cubeide/plugins/com.st.stm32cube.ide.mcu.externaltools.gnu-tools-for-stm32.7-2018-q2-update.win32_1.4.0.202007081208/tools/bin/../lib/gcc/arm-none-eabi/7.3.1/../../../../arm-none-eabi/lib/thumb/v7e-m/fpv4-sp/hard\libc_nano.a
LOAD c:/st/stm32cubeide_1.4.0/stm32cubeide/plugins/com.st.stm32cube.ide.mcu.externaltools.gnu-tools-for-stm32.7-2018-q2-update.win32_1.4.0.202007081208/tools/bin/../lib/gcc/arm-none-eabi/7.3.1/../../../../arm-none-eabi/lib/thumb/v7e-m/fpv4-sp/hard\libnosys.a
END GROUP
START GROUP
LOAD c:/st/stm32cubeide_1.4.0/stm32cubeide/plugins/com.st.stm32cube.ide.mcu.externaltools.gnu-tools-for-stm32.7-2018-q2-update.win32_1.4.0.202007081208/tools/bin/../lib/gcc/arm-none-eabi/7.3.1/thumb/v7e-m/fpv4-sp/hard\libgcc.a
LOAD c:/st/stm32cubeide_1.4.0/stm32cubeide/plugins/com.st.stm32cube.ide.mcu.externaltools.gnu-tools-for-stm32.7-2018-q2-update.win32_1.4.0.202007081208/tools/bin/../lib/gcc/arm-none-eabi/7.3.1/../../../../arm-none-eabi/lib/thumb/v7e-m/fpv4-sp/hard\libc_nano.a
LOAD c:/st/stm32cubeide_1.4.0/stm32cubeide/plugins/com.st.stm32cube.ide.mcu.externaltools.gnu-tools-for-stm32.7-2018-q2-update.win32_1.4.0.202007081208/tools/bin/../lib/gcc/arm-none-eabi/7.3.1/../../../../arm-none-eabi/lib/thumb/v7e-m/fpv4-sp/hard\libnosys.a
END GROUP
LOAD c:/st/stm32cubeide_1.4.0/stm32cubeide/plugins/com.st.stm32cube.ide.mcu.externaltools.gnu-tools-for-stm32.7-2018-q2-update.win32_1.4.0.202007081208/tools/bin/../lib/gcc/arm-none-eabi/7.3.1/thumb/v7e-m/fpv4-sp/hard/crtend.o
LOAD c:/st/stm32cubeide_1.4.0/stm32cubeide/plugins/com.st.stm32cube.ide.mcu.externaltools.gnu-tools-for-stm32.7-2018-q2-update.win32_1.4.0.202007081208/tools/bin/../lib/gcc/arm-none-eabi/7.3.1/thumb/v7e-m/fpv4-sp/hard/crtn.o
                0x0000000020018000                _estack = (ORIGIN (RAM) + LENGTH (RAM))
                0x0000000000000200                _Min_Heap_Size = 0x200
                0x0000000000000400                _Min_Stack_Size = 0x400

.isr_vector     0x0000000008000000      0x188
                0x0000000008000000                . = ALIGN (0x4)
 *(.isr_vector)
 .isr_vector    0x0000000008000000      0x188 Core/Startup/startup_stm32l475vgtx.o
                0x0000000008000000                g_pfnVectors
                0x0000000008000188                . = ALIGN (0x4)

.text           0x0000000008000188     0x2394
                0x0000000008000188                . = ALIGN (0x4)
 *(.text)
 .text          0x0000000008000188       0x40 c:/st/stm32cubeide_1.4.0/stm32cubeide/plugins/com.st.stm32cube.ide.mcu.externaltools.gnu-tools-for-stm32.7-2018-q2-update.win32_1.4.0.202007081208/tools/bin/../lib/gcc/arm-none-eabi/7.3.1/thumb/v7e-m/fpv4-sp/hard/crtbegin.o
 .text          0x00000000080001c8      0x378 c:/st/stm32cubeide_1.4.0/stm32cubeide/plugins/com.st.stm32cube.ide.mcu.externaltools.gnu-tools-for-stm32.7-2018-q2-update.win32_1.4.0.202007081208/tools/bin/../lib/gcc/arm-none-eabi/7.3.1/thumb/v7e-m/fpv4-sp/hard\libgcc.a(_arm_addsubdf3.o)
                0x00000000080001c8                __aeabi_drsub
                0x00000000080001d0                __aeabi_dsub
                0x00000000080001d0                __subdf3
                0x00000000080001d4                __aeabi_dadd
                0x00000000080001d4                __adddf3
                0x000000000800044c                __floatunsidf
                0x000000000800044c                __aeabi_ui2d
                0x000000000800046c                __floatsidf
                0x000000000800046c                __aeabi_i2d
                0x0000000008000490                __aeabi_f2d
                0x0000000008000490                __extendsfdf2
                0x00000000080004d4                __floatundidf
                0x00000000080004d4                __aeabi_ul2d
                0x00000000080004e4                __floatdidf
                0x00000000080004e4                __aeabi_l2d
 .text          0x0000000008000540      0x424 c:/st/stm32cubeide_1.4.0/stm32cubeide/plugins/com.st.stm32cube.ide.mcu.externaltools.gnu-tools-for-stm32.7-2018-q2-update.win32_1.4.0.202007081208/tools/bin/../lib/gcc/arm-none-eabi/7.3.1/thumb/v7e-m/fpv4-sp/hard\libgcc.a(_arm_muldivdf3.o)
                0x0000000008000540                __aeabi_dmul
                0x0000000008000540                __muldf3
                0x0000000008000794                __divdf3
                0x0000000008000794                __aeabi_ddiv
 .text          0x0000000008000964      0x110 c:/st/stm32cubeide_1.4.0/stm32cubeide/plugins/com.st.stm32cube.ide.mcu.externaltools.gnu-tools-for-stm32.7-2018-q2-update.win32_1.4.0.202007081208/tools/bin/../lib/gcc/arm-none-eabi/7.3.1/thumb/v7e-m/fpv4-sp/hard\libgcc.a(_arm_cmpdf2.o)
                0x0000000008000964                __gtdf2
                0x0000000008000964                __gedf2
                0x000000000800096c                __ltdf2
                0x000000000800096c                __ledf2
                0x0000000008000974                __nedf2
                0x0000000008000974                __eqdf2
                0x0000000008000974                __cmpdf2
                0x00000000080009f0                __aeabi_cdrcmple
                0x0000000008000a00                __aeabi_cdcmpeq
                0x0000000008000a00                __aeabi_cdcmple
                0x0000000008000a10                __aeabi_dcmpeq
                0x0000000008000a24                __aeabi_dcmplt
                0x0000000008000a38                __aeabi_dcmple
                0x0000000008000a4c                __aeabi_dcmpge
                0x0000000008000a60                __aeabi_dcmpgt
 .text          0x0000000008000a74       0x2c c:/st/stm32cubeide_1.4.0/stm32cubeide/plugins/com.st.stm32cube.ide.mcu.externaltools.gnu-tools-for-stm32.7-2018-q2-update.win32_1.4.0.202007081208/tools/bin/../lib/gcc/arm-none-eabi/7.3.1/thumb/v7e-m/fpv4-sp/hard\libgcc.a(_arm_unorddf2.o)
                0x0000000008000a74                __unorddf2
                0x0000000008000a74                __aeabi_dcmpun
 .text          0x0000000008000aa0       0xa0 c:/st/stm32cubeide_1.4.0/stm32cubeide/plugins/com.st.stm32cube.ide.mcu.externaltools.gnu-tools-for-stm32.7-2018-q2-update.win32_1.4.0.202007081208/tools/bin/../lib/gcc/arm-none-eabi/7.3.1/thumb/v7e-m/fpv4-sp/hard\libgcc.a(_arm_truncdfsf2.o)
                0x0000000008000aa0                __truncdfsf2
                0x0000000008000aa0                __aeabi_d2f
 *(.text*)
 .text.rodata   0x0000000008000b40       0x2e Core/Src/asmMul.o
                0x0000000008000b40                asmMul
 .text.rodata   0x0000000008000b6e       0x66 Core/Src/asmStdDev.o
                0x0000000008000b6e                asmStdDev
 .text.cMul     0x0000000008000bd4       0x56 Core/Src/cMul.o
                0x0000000008000bd4                cMul
 .text.cStdDev  0x0000000008000c2a       0xe2 Core/Src/cStdDev.o
                0x0000000008000c2a                cStdDev
 .text.main     0x0000000008000d0c      0x1cc Core/Src/main.o
                0x0000000008000d0c                main
 .text.SystemClock_Config
                0x0000000008000ed8       0xa4 Core/Src/main.o
                0x0000000008000ed8                SystemClock_Config
 .text.MX_GPIO_Init
                0x0000000008000f7c       0x48 Core/Src/main.o
 .text.Error_Handler
                0x0000000008000fc4        0xe Core/Src/main.o
                0x0000000008000fc4                Error_Handler
 *fill*         0x0000000008000fd2        0x2 
 .text.HAL_MspInit
                0x0000000008000fd4       0x48 Core/Src/stm32l4xx_hal_msp.o
                0x0000000008000fd4                HAL_MspInit
 .text.NMI_Handler
                0x000000000800101c        0xe Core/Src/stm32l4xx_it.o
                0x000000000800101c                NMI_Handler
 .text.HardFault_Handler
                0x000000000800102a        0x6 Core/Src/stm32l4xx_it.o
                0x000000000800102a                HardFault_Handler
 .text.MemManage_Handler
                0x0000000008001030        0x6 Core/Src/stm32l4xx_it.o
                0x0000000008001030                MemManage_Handler
 .text.BusFault_Handler
                0x0000000008001036        0x6 Core/Src/stm32l4xx_it.o
                0x0000000008001036                BusFault_Handler
 .text.UsageFault_Handler
                0x000000000800103c        0x6 Core/Src/stm32l4xx_it.o
                0x000000000800103c                UsageFault_Handler
 .text.SVC_Handler
                0x0000000008001042        0xe Core/Src/stm32l4xx_it.o
                0x0000000008001042                SVC_Handler
 .text.DebugMon_Handler
                0x0000000008001050        0xe Core/Src/stm32l4xx_it.o
                0x0000000008001050                DebugMon_Handler
 .text.PendSV_Handler
                0x000000000800105e        0xe Core/Src/stm32l4xx_it.o
                0x000000000800105e                PendSV_Handler
 .text.SysTick_Handler
                0x000000000800106c        0xc Core/Src/stm32l4xx_it.o
                0x000000000800106c                SysTick_Handler
 .text.SystemInit
                0x0000000008001078       0x6c Core/Src/system_stm32l4xx.o
                0x0000000008001078                SystemInit
 .text.Reset_Handler
                0x00000000080010e4       0x50 Core/Startup/startup_stm32l475vgtx.o
                0x00000000080010e4                Reset_Handler
 .text.Default_Handler
                0x0000000008001134        0x2 Core/Startup/startup_stm32l475vgtx.o
                0x0000000008001134                RTC_Alarm_IRQHandler
                0x0000000008001134                EXTI2_IRQHandler
                0x0000000008001134                TIM8_TRG_COM_IRQHandler
                0x0000000008001134                TIM8_CC_IRQHandler
                0x0000000008001134                TIM1_CC_IRQHandler
                0x0000000008001134                TSC_IRQHandler
                0x0000000008001134                TAMP_STAMP_IRQHandler
                0x0000000008001134                EXTI3_IRQHandler
                0x0000000008001134                LPTIM2_IRQHandler
                0x0000000008001134                DFSDM1_FLT1_IRQHandler
                0x0000000008001134                I2C3_ER_IRQHandler
                0x0000000008001134                DFSDM1_FLT2_IRQHandler
                0x0000000008001134                EXTI0_IRQHandler
                0x0000000008001134                I2C2_EV_IRQHandler
                0x0000000008001134                CAN1_RX0_IRQHandler
                0x0000000008001134                FPU_IRQHandler
                0x0000000008001134                TIM1_UP_TIM16_IRQHandler
                0x0000000008001134                ADC1_2_IRQHandler
                0x0000000008001134                SPI1_IRQHandler
                0x0000000008001134                TIM6_DAC_IRQHandler
                0x0000000008001134                TIM8_UP_IRQHandler
                0x0000000008001134                DMA2_Channel2_IRQHandler
                0x0000000008001134                DMA1_Channel4_IRQHandler
                0x0000000008001134                SAI2_IRQHandler
                0x0000000008001134                DFSDM1_FLT3_IRQHandler
                0x0000000008001134                USART3_IRQHandler
                0x0000000008001134                DMA1_Channel7_IRQHandler
                0x0000000008001134                CAN1_RX1_IRQHandler
                0x0000000008001134                UART5_IRQHandler
                0x0000000008001134                ADC3_IRQHandler
                0x0000000008001134                TIM4_IRQHandler
                0x0000000008001134                DMA2_Channel1_IRQHandler
                0x0000000008001134                QUADSPI_IRQHandler
                0x0000000008001134                I2C1_EV_IRQHandler
                0x0000000008001134                DMA1_Channel6_IRQHandler
                0x0000000008001134                UART4_IRQHandler
                0x0000000008001134                DMA2_Channel4_IRQHandler
                0x0000000008001134                TIM3_IRQHandler
                0x0000000008001134                RCC_IRQHandler
                0x0000000008001134                DMA1_Channel1_IRQHandler
                0x0000000008001134                Default_Handler
                0x0000000008001134                DMA2_Channel7_IRQHandler
                0x0000000008001134                EXTI15_10_IRQHandler
                0x0000000008001134                TIM7_IRQHandler
                0x0000000008001134                SDMMC1_IRQHandler
                0x0000000008001134                TIM5_IRQHandler
                0x0000000008001134                I2C3_EV_IRQHandler
                0x0000000008001134                EXTI9_5_IRQHandler
                0x0000000008001134                RTC_WKUP_IRQHandler
                0x0000000008001134                PVD_PVM_IRQHandler
                0x0000000008001134                SPI2_IRQHandler
                0x0000000008001134                CAN1_TX_IRQHandler
                0x0000000008001134                DMA2_Channel5_IRQHandler
                0x0000000008001134                DMA1_Channel5_IRQHandler
                0x0000000008001134                EXTI4_IRQHandler
                0x0000000008001134                RNG_IRQHandler
                0x0000000008001134                TIM1_TRG_COM_TIM17_IRQHandler
                0x0000000008001134                DMA1_Channel3_IRQHandler
                0x0000000008001134                COMP_IRQHandler
                0x0000000008001134                WWDG_IRQHandler
                0x0000000008001134                LPUART1_IRQHandler
                0x0000000008001134                DMA2_Channel6_IRQHandler
                0x0000000008001134                TIM2_IRQHandler
                0x0000000008001134                EXTI1_IRQHandler
                0x0000000008001134                USART2_IRQHandler
                0x0000000008001134                DFSDM1_FLT0_IRQHandler
                0x0000000008001134                I2C2_ER_IRQHandler
                0x0000000008001134                DMA1_Channel2_IRQHandler
                0x0000000008001134                TIM8_BRK_IRQHandler
                0x0000000008001134                CAN1_SCE_IRQHandler
                0x0000000008001134                FLASH_IRQHandler
                0x0000000008001134                USART1_IRQHandler
                0x0000000008001134                OTG_FS_IRQHandler
                0x0000000008001134                SPI3_IRQHandler
                0x0000000008001134                I2C1_ER_IRQHandler
                0x0000000008001134                FMC_IRQHandler
                0x0000000008001134                SWPMI1_IRQHandler
                0x0000000008001134                LPTIM1_IRQHandler
                0x0000000008001134                SAI1_IRQHandler
                0x0000000008001134                DMA2_Channel3_IRQHandler
                0x0000000008001134                TIM1_BRK_TIM15_IRQHandler
 .text.HAL_Init
                0x0000000008001136       0x30 Drivers/STM32L4xx_HAL_Driver/Src/stm32l4xx_hal.o
                0x0000000008001136                HAL_Init
 *fill*         0x0000000008001166        0x2 
 .text.HAL_InitTick
                0x0000000008001168       0x78 Drivers/STM32L4xx_HAL_Driver/Src/stm32l4xx_hal.o
                0x0000000008001168                HAL_InitTick
 .text.HAL_IncTick
                0x00000000080011e0       0x28 Drivers/STM32L4xx_HAL_Driver/Src/stm32l4xx_hal.o
                0x00000000080011e0                HAL_IncTick
 .text.HAL_GetTick
                0x0000000008001208       0x18 Drivers/STM32L4xx_HAL_Driver/Src/stm32l4xx_hal.o
                0x0000000008001208                HAL_GetTick
 .text.__NVIC_SetPriorityGrouping
                0x0000000008001220       0x48 Drivers/STM32L4xx_HAL_Driver/Src/stm32l4xx_hal_cortex.o
 .text.__NVIC_GetPriorityGrouping
                0x0000000008001268       0x1c Drivers/STM32L4xx_HAL_Driver/Src/stm32l4xx_hal_cortex.o
 .text.__NVIC_SetPriority
                0x0000000008001284       0x54 Drivers/STM32L4xx_HAL_Driver/Src/stm32l4xx_hal_cortex.o
 .text.NVIC_EncodePriority
                0x00000000080012d8       0x66 Drivers/STM32L4xx_HAL_Driver/Src/stm32l4xx_hal_cortex.o
 *fill*         0x000000000800133e        0x2 
 .text.SysTick_Config
                0x0000000008001340       0x44 Drivers/STM32L4xx_HAL_Driver/Src/stm32l4xx_hal_cortex.o
 .text.HAL_NVIC_SetPriorityGrouping
                0x0000000008001384       0x16 Drivers/STM32L4xx_HAL_Driver/Src/stm32l4xx_hal_cortex.o
                0x0000000008001384                HAL_NVIC_SetPriorityGrouping
 .text.HAL_NVIC_SetPriority
                0x000000000800139a       0x38 Drivers/STM32L4xx_HAL_Driver/Src/stm32l4xx_hal_cortex.o
                0x000000000800139a                HAL_NVIC_SetPriority
 .text.HAL_SYSTICK_Config
                0x00000000080013d2       0x18 Drivers/STM32L4xx_HAL_Driver/Src/stm32l4xx_hal_cortex.o
                0x00000000080013d2                HAL_SYSTICK_Config
 *fill*         0x00000000080013ea        0x2 
 .text.HAL_PWREx_GetVoltageRange
                0x00000000080013ec       0x1c Drivers/STM32L4xx_HAL_Driver/Src/stm32l4xx_hal_pwr_ex.o
                0x00000000080013ec                HAL_PWREx_GetVoltageRange
 .text.HAL_PWREx_ControlVoltageScaling
                0x0000000008001408       0xac Drivers/STM32L4xx_HAL_Driver/Src/stm32l4xx_hal_pwr_ex.o
                0x0000000008001408                HAL_PWREx_ControlVoltageScaling
 .text.HAL_RCC_OscConfig
                0x00000000080014b4      0x7cc Drivers/STM32L4xx_HAL_Driver/Src/stm32l4xx_hal_rcc.o
                0x00000000080014b4                HAL_RCC_OscConfig
 .text.HAL_RCC_ClockConfig
                0x0000000008001c80      0x1c4 Drivers/STM32L4xx_HAL_Driver/Src/stm32l4xx_hal_rcc.o
                0x0000000008001c80                HAL_RCC_ClockConfig
 .text.HAL_RCC_GetSysClockFreq
                0x0000000008001e44      0x114 Drivers/STM32L4xx_HAL_Driver/Src/stm32l4xx_hal_rcc.o
                0x0000000008001e44                HAL_RCC_GetSysClockFreq
 .text.RCC_SetFlashLatencyFromMSIRange
                0x0000000008001f58       0xc0 Drivers/STM32L4xx_HAL_Driver/Src/stm32l4xx_hal_rcc.o
 .text.arm_std_f32
                0x0000000008002018      0x114 C:\Users\malki\Desktop\Ceng\Fall_2020\ECSE444\Labs\lab1\Core\Lib\libarm_cortexM4lf_math.a(arm_std_f32.o)
                0x0000000008002018                arm_std_f32
 .text.arm_mult_f32
                0x000000000800212c       0xb4 C:\Users\malki\Desktop\Ceng\Fall_2020\ECSE444\Labs\lab1\Core\Lib\libarm_cortexM4lf_math.a(arm_mult_f32.o)
                0x000000000800212c                arm_mult_f32
 .text.__errno  0x00000000080021e0        0xc c:/st/stm32cubeide_1.4.0/stm32cubeide/plugins/com.st.stm32cube.ide.mcu.externaltools.gnu-tools-for-stm32.7-2018-q2-update.win32_1.4.0.202007081208/tools/bin/../lib/gcc/arm-none-eabi/7.3.1/../../../../arm-none-eabi/lib/thumb/v7e-m/fpv4-sp/hard\libc_nano.a(lib_a-errno.o)
                0x00000000080021e0                __errno
 .text.__libc_init_array
                0x00000000080021ec       0x48 c:/st/stm32cubeide_1.4.0/stm32cubeide/plugins/com.st.stm32cube.ide.mcu.externaltools.gnu-tools-for-stm32.7-2018-q2-update.win32_1.4.0.202007081208/tools/bin/../lib/gcc/arm-none-eabi/7.3.1/../../../../arm-none-eabi/lib/thumb/v7e-m/fpv4-sp/hard\libc_nano.a(lib_a-init.o)
                0x00000000080021ec                __libc_init_array
 .text.memset   0x0000000008002234       0x10 c:/st/stm32cubeide_1.4.0/stm32cubeide/plugins/com.st.stm32cube.ide.mcu.externaltools.gnu-tools-for-stm32.7-2018-q2-update.win32_1.4.0.202007081208/tools/bin/../lib/gcc/arm-none-eabi/7.3.1/../../../../arm-none-eabi/lib/thumb/v7e-m/fpv4-sp/hard\libc_nano.a(lib_a-memset.o)
                0x0000000008002234                memset
 .text.sqrt     0x0000000008002244       0xb4 c:/st/stm32cubeide_1.4.0/stm32cubeide/plugins/com.st.stm32cube.ide.mcu.externaltools.gnu-tools-for-stm32.7-2018-q2-update.win32_1.4.0.202007081208/tools/bin/../lib/gcc/arm-none-eabi/7.3.1/../../../../arm-none-eabi/lib/thumb/v7e-m/fpv4-sp/hard\libm.a(lib_a-w_sqrt.o)
                0x0000000008002244                sqrt
 .text.sqrtf    0x00000000080022f8       0xa0 c:/st/stm32cubeide_1.4.0/stm32cubeide/plugins/com.st.stm32cube.ide.mcu.externaltools.gnu-tools-for-stm32.7-2018-q2-update.win32_1.4.0.202007081208/tools/bin/../lib/gcc/arm-none-eabi/7.3.1/../../../../arm-none-eabi/lib/thumb/v7e-m/fpv4-sp/hard\libm.a(lib_a-wf_sqrt.o)
                0x00000000080022f8                sqrtf
 .text.__ieee754_sqrt
                0x0000000008002398      0x160 c:/st/stm32cubeide_1.4.0/stm32cubeide/plugins/com.st.stm32cube.ide.mcu.externaltools.gnu-tools-for-stm32.7-2018-q2-update.win32_1.4.0.202007081208/tools/bin/../lib/gcc/arm-none-eabi/7.3.1/../../../../arm-none-eabi/lib/thumb/v7e-m/fpv4-sp/hard\libm.a(lib_a-e_sqrt.o)
                0x0000000008002398                __ieee754_sqrt
 .text.__ieee754_sqrtf
                0x00000000080024f8        0x6 c:/st/stm32cubeide_1.4.0/stm32cubeide/plugins/com.st.stm32cube.ide.mcu.externaltools.gnu-tools-for-stm32.7-2018-q2-update.win32_1.4.0.202007081208/tools/bin/../lib/gcc/arm-none-eabi/7.3.1/../../../../arm-none-eabi/lib/thumb/v7e-m/fpv4-sp/hard\libm.a(lib_a-ef_sqrt.o)
                0x00000000080024f8                __ieee754_sqrtf
 .text.matherr  0x00000000080024fe        0x4 c:/st/stm32cubeide_1.4.0/stm32cubeide/plugins/com.st.stm32cube.ide.mcu.externaltools.gnu-tools-for-stm32.7-2018-q2-update.win32_1.4.0.202007081208/tools/bin/../lib/gcc/arm-none-eabi/7.3.1/../../../../arm-none-eabi/lib/thumb/v7e-m/fpv4-sp/hard\libm.a(lib_a-s_matherr.o)
                0x00000000080024fe                matherr
 *(.glue_7)
 .glue_7        0x0000000008002502        0x0 linker stubs
 *(.glue_7t)
 .glue_7t       0x0000000008002502        0x0 linker stubs
 *(.eh_frame)
 *fill*         0x0000000008002502        0x2 
 .eh_frame      0x0000000008002504        0x0 c:/st/stm32cubeide_1.4.0/stm32cubeide/plugins/com.st.stm32cube.ide.mcu.externaltools.gnu-tools-for-stm32.7-2018-q2-update.win32_1.4.0.202007081208/tools/bin/../lib/gcc/arm-none-eabi/7.3.1/thumb/v7e-m/fpv4-sp/hard/crtbegin.o
 *(.init)
 .init          0x0000000008002504        0x4 c:/st/stm32cubeide_1.4.0/stm32cubeide/plugins/com.st.stm32cube.ide.mcu.externaltools.gnu-tools-for-stm32.7-2018-q2-update.win32_1.4.0.202007081208/tools/bin/../lib/gcc/arm-none-eabi/7.3.1/thumb/v7e-m/fpv4-sp/hard/crti.o
                0x0000000008002504                _init
 .init          0x0000000008002508        0x8 c:/st/stm32cubeide_1.4.0/stm32cubeide/plugins/com.st.stm32cube.ide.mcu.externaltools.gnu-tools-for-stm32.7-2018-q2-update.win32_1.4.0.202007081208/tools/bin/../lib/gcc/arm-none-eabi/7.3.1/thumb/v7e-m/fpv4-sp/hard/crtn.o
 *(.fini)
 .fini          0x0000000008002510        0x4 c:/st/stm32cubeide_1.4.0/stm32cubeide/plugins/com.st.stm32cube.ide.mcu.externaltools.gnu-tools-for-stm32.7-2018-q2-update.win32_1.4.0.202007081208/tools/bin/../lib/gcc/arm-none-eabi/7.3.1/thumb/v7e-m/fpv4-sp/hard/crti.o
                0x0000000008002510                _fini
 .fini          0x0000000008002514        0x8 c:/st/stm32cubeide_1.4.0/stm32cubeide/plugins/com.st.stm32cube.ide.mcu.externaltools.gnu-tools-for-stm32.7-2018-q2-update.win32_1.4.0.202007081208/tools/bin/../lib/gcc/arm-none-eabi/7.3.1/thumb/v7e-m/fpv4-sp/hard/crtn.o
                0x000000000800251c                . = ALIGN (0x4)
                0x000000000800251c                _etext = .

.vfp11_veneer   0x000000000800251c        0x0
 .vfp11_veneer  0x000000000800251c        0x0 linker stubs

.v4_bx          0x000000000800251c        0x0
 .v4_bx         0x000000000800251c        0x0 linker stubs

.iplt           0x000000000800251c        0x0
 .iplt          0x000000000800251c        0x0 c:/st/stm32cubeide_1.4.0/stm32cubeide/plugins/com.st.stm32cube.ide.mcu.externaltools.gnu-tools-for-stm32.7-2018-q2-update.win32_1.4.0.202007081208/tools/bin/../lib/gcc/arm-none-eabi/7.3.1/thumb/v7e-m/fpv4-sp/hard/crtbegin.o

.rodata         0x000000000800251c       0x80
                0x000000000800251c                . = ALIGN (0x4)
 *(.rodata)
 .rodata        0x000000000800251c       0x34 Core/Src/main.o
 *(.rodata*)
 .rodata.AHBPrescTable
                0x0000000008002550       0x10 Core/Src/system_stm32l4xx.o
                0x0000000008002550                AHBPrescTable
 .rodata.MSIRangeTable
                0x0000000008002560       0x30 Core/Src/system_stm32l4xx.o
                0x0000000008002560                MSIRangeTable
 .rodata.sqrt.str1.1
                0x0000000008002590        0x5 c:/st/stm32cubeide_1.4.0/stm32cubeide/plugins/com.st.stm32cube.ide.mcu.externaltools.gnu-tools-for-stm32.7-2018-q2-update.win32_1.4.0.202007081208/tools/bin/../lib/gcc/arm-none-eabi/7.3.1/../../../../arm-none-eabi/lib/thumb/v7e-m/fpv4-sp/hard\libm.a(lib_a-w_sqrt.o)
 .rodata.sqrtf.str1.1
                0x0000000008002595        0x6 c:/st/stm32cubeide_1.4.0/stm32cubeide/plugins/com.st.stm32cube.ide.mcu.externaltools.gnu-tools-for-stm32.7-2018-q2-update.win32_1.4.0.202007081208/tools/bin/../lib/gcc/arm-none-eabi/7.3.1/../../../../arm-none-eabi/lib/thumb/v7e-m/fpv4-sp/hard\libm.a(lib_a-wf_sqrt.o)
                0x000000000800259c                . = ALIGN (0x4)
 *fill*         0x000000000800259b        0x1 

.rel.dyn        0x000000000800259c        0x0
 .rel.iplt      0x000000000800259c        0x0 c:/st/stm32cubeide_1.4.0/stm32cubeide/plugins/com.st.stm32cube.ide.mcu.externaltools.gnu-tools-for-stm32.7-2018-q2-update.win32_1.4.0.202007081208/tools/bin/../lib/gcc/arm-none-eabi/7.3.1/thumb/v7e-m/fpv4-sp/hard/crtbegin.o

.ARM.extab      0x000000000800259c        0x0
                0x000000000800259c                . = ALIGN (0x4)
 *(.ARM.extab* .gnu.linkonce.armextab.*)
                0x000000000800259c                . = ALIGN (0x4)

.ARM            0x000000000800259c        0x0
                0x000000000800259c                . = ALIGN (0x4)
                0x000000000800259c                __exidx_start = .
 *(.ARM.exidx*)
                0x000000000800259c                __exidx_end = .
                0x000000000800259c                . = ALIGN (0x4)

.preinit_array  0x000000000800259c        0x0
                0x000000000800259c                . = ALIGN (0x4)
                0x000000000800259c                PROVIDE (__preinit_array_start = .)
 *(.preinit_array*)
                0x000000000800259c                PROVIDE (__preinit_array_end = .)
                0x000000000800259c                . = ALIGN (0x4)

.init_array     0x000000000800259c        0x4
                0x000000000800259c                . = ALIGN (0x4)
                0x000000000800259c                PROVIDE (__init_array_start = .)
 *(SORT_BY_NAME(.init_array.*))
 *(.init_array*)
 .init_array    0x000000000800259c        0x4 c:/st/stm32cubeide_1.4.0/stm32cubeide/plugins/com.st.stm32cube.ide.mcu.externaltools.gnu-tools-for-stm32.7-2018-q2-update.win32_1.4.0.202007081208/tools/bin/../lib/gcc/arm-none-eabi/7.3.1/thumb/v7e-m/fpv4-sp/hard/crtbegin.o
                0x00000000080025a0                PROVIDE (__init_array_end = .)
                0x00000000080025a0                . = ALIGN (0x4)

.fini_array     0x00000000080025a0        0x4
                0x00000000080025a0                . = ALIGN (0x4)
                [!provide]                        PROVIDE (__fini_array_start = .)
 *(SORT_BY_NAME(.fini_array.*))
 *(.fini_array*)
 .fini_array    0x00000000080025a0        0x4 c:/st/stm32cubeide_1.4.0/stm32cubeide/plugins/com.st.stm32cube.ide.mcu.externaltools.gnu-tools-for-stm32.7-2018-q2-update.win32_1.4.0.202007081208/tools/bin/../lib/gcc/arm-none-eabi/7.3.1/thumb/v7e-m/fpv4-sp/hard/crtbegin.o
                [!provide]                        PROVIDE (__fini_array_end = .)
                0x00000000080025a4                . = ALIGN (0x4)
                0x00000000080025a4                _sidata = LOADADDR (.data)

.data           0x0000000020000000       0x74 load address 0x00000000080025a4
                0x0000000020000000                . = ALIGN (0x4)
                0x0000000020000000                _sdata = .
 *(.data)
 *(.data*)
 .data.SystemCoreClock
                0x0000000020000000        0x4 Core/Src/system_stm32l4xx.o
                0x0000000020000000                SystemCoreClock
 .data.uwTickPrio
                0x0000000020000004        0x4 Drivers/STM32L4xx_HAL_Driver/Src/stm32l4xx_hal.o
                0x0000000020000004                uwTickPrio
 .data.uwTickFreq
                0x0000000020000008        0x1 Drivers/STM32L4xx_HAL_Driver/Src/stm32l4xx_hal.o
                0x0000000020000008                uwTickFreq
 *fill*         0x0000000020000009        0x3 
 .data._impure_ptr
                0x000000002000000c        0x4 c:/st/stm32cubeide_1.4.0/stm32cubeide/plugins/com.st.stm32cube.ide.mcu.externaltools.gnu-tools-for-stm32.7-2018-q2-update.win32_1.4.0.202007081208/tools/bin/../lib/gcc/arm-none-eabi/7.3.1/../../../../arm-none-eabi/lib/thumb/v7e-m/fpv4-sp/hard\libc_nano.a(lib_a-impure.o)
                0x000000002000000c                _impure_ptr
 .data.impure_data
                0x0000000020000010       0x60 c:/st/stm32cubeide_1.4.0/stm32cubeide/plugins/com.st.stm32cube.ide.mcu.externaltools.gnu-tools-for-stm32.7-2018-q2-update.win32_1.4.0.202007081208/tools/bin/../lib/gcc/arm-none-eabi/7.3.1/../../../../arm-none-eabi/lib/thumb/v7e-m/fpv4-sp/hard\libc_nano.a(lib_a-impure.o)
 .data.__fdlib_version
                0x0000000020000070        0x1 c:/st/stm32cubeide_1.4.0/stm32cubeide/plugins/com.st.stm32cube.ide.mcu.externaltools.gnu-tools-for-stm32.7-2018-q2-update.win32_1.4.0.202007081208/tools/bin/../lib/gcc/arm-none-eabi/7.3.1/../../../../arm-none-eabi/lib/thumb/v7e-m/fpv4-sp/hard\libm.a(lib_a-s_lib_ver.o)
                0x0000000020000070                __fdlib_version
                0x0000000020000074                . = ALIGN (0x4)
 *fill*         0x0000000020000071        0x3 
                0x0000000020000074                _edata = .

.igot.plt       0x0000000020000074        0x0 load address 0x0000000008002618
 .igot.plt      0x0000000020000074        0x0 c:/st/stm32cubeide_1.4.0/stm32cubeide/plugins/com.st.stm32cube.ide.mcu.externaltools.gnu-tools-for-stm32.7-2018-q2-update.win32_1.4.0.202007081208/tools/bin/../lib/gcc/arm-none-eabi/7.3.1/thumb/v7e-m/fpv4-sp/hard/crtbegin.o
                0x0000000020000074                . = ALIGN (0x4)

.bss            0x0000000020000074       0x20 load address 0x0000000008002618
                0x0000000020000074                _sbss = .
                0x0000000020000074                __bss_start__ = _sbss
 *(.bss)
 .bss           0x0000000020000074       0x1c c:/st/stm32cubeide_1.4.0/stm32cubeide/plugins/com.st.stm32cube.ide.mcu.externaltools.gnu-tools-for-stm32.7-2018-q2-update.win32_1.4.0.202007081208/tools/bin/../lib/gcc/arm-none-eabi/7.3.1/thumb/v7e-m/fpv4-sp/hard/crtbegin.o
 *(.bss*)
 *(COMMON)
 COMMON         0x0000000020000090        0x4 Drivers/STM32L4xx_HAL_Driver/Src/stm32l4xx_hal.o
                0x0000000020000090                uwTick
                0x0000000020000094                . = ALIGN (0x4)
                0x0000000020000094                _ebss = .
                0x0000000020000094                __bss_end__ = _ebss

._user_heap_stack
                0x0000000020000094      0x604 load address 0x0000000008002618
                0x0000000020000098                . = ALIGN (0x8)
 *fill*         0x0000000020000094        0x4 
                [!provide]                        PROVIDE (end = .)
                0x0000000020000098                PROVIDE (_end = .)
                0x0000000020000298                . = (. + _Min_Heap_Size)
 *fill*         0x0000000020000098      0x200 
                0x0000000020000698                . = (. + _Min_Stack_Size)
 *fill*         0x0000000020000298      0x400 
                0x0000000020000698                . = ALIGN (0x8)

/DISCARD/
 libc.a(*)
 libm.a(*)
 libgcc.a(*)

.ARM.attributes
                0x0000000000000000       0x30
 *(.ARM.attributes)
 .ARM.attributes
                0x0000000000000000       0x22 c:/st/stm32cubeide_1.4.0/stm32cubeide/plugins/com.st.stm32cube.ide.mcu.externaltools.gnu-tools-for-stm32.7-2018-q2-update.win32_1.4.0.202007081208/tools/bin/../lib/gcc/arm-none-eabi/7.3.1/thumb/v7e-m/fpv4-sp/hard/crti.o
 .ARM.attributes
                0x0000000000000022       0x34 c:/st/stm32cubeide_1.4.0/stm32cubeide/plugins/com.st.stm32cube.ide.mcu.externaltools.gnu-tools-for-stm32.7-2018-q2-update.win32_1.4.0.202007081208/tools/bin/../lib/gcc/arm-none-eabi/7.3.1/thumb/v7e-m/fpv4-sp/hard/crtbegin.o
 .ARM.attributes
                0x0000000000000056       0x25 Core/Src/asmMul.o
 .ARM.attributes
                0x000000000000007b       0x25 Core/Src/asmStdDev.o
 .ARM.attributes
                0x00000000000000a0       0x39 Core/Src/cMul.o
 .ARM.attributes
                0x00000000000000d9       0x39 Core/Src/cStdDev.o
 .ARM.attributes
                0x0000000000000112       0x39 Core/Src/main.o
 .ARM.attributes
                0x000000000000014b       0x39 Core/Src/stm32l4xx_hal_msp.o
 .ARM.attributes
                0x0000000000000184       0x39 Core/Src/stm32l4xx_it.o
 .ARM.attributes
                0x00000000000001bd       0x39 Core/Src/system_stm32l4xx.o
 .ARM.attributes
                0x00000000000001f6       0x21 Core/Startup/startup_stm32l475vgtx.o
 .ARM.attributes
                0x0000000000000217       0x39 Drivers/STM32L4xx_HAL_Driver/Src/stm32l4xx_hal.o
 .ARM.attributes
                0x0000000000000250       0x39 Drivers/STM32L4xx_HAL_Driver/Src/stm32l4xx_hal_cortex.o
 .ARM.attributes
                0x0000000000000289       0x39 Drivers/STM32L4xx_HAL_Driver/Src/stm32l4xx_hal_pwr_ex.o
 .ARM.attributes
                0x00000000000002c2       0x39 Drivers/STM32L4xx_HAL_Driver/Src/stm32l4xx_hal_rcc.o
 .ARM.attributes
                0x00000000000002fb       0x34 C:\Users\malki\Desktop\Ceng\Fall_2020\ECSE444\Labs\lab1\Core\Lib\libarm_cortexM4lf_math.a(arm_std_f32.o)
 .ARM.attributes
                0x000000000000032f       0x34 C:\Users\malki\Desktop\Ceng\Fall_2020\ECSE444\Labs\lab1\Core\Lib\libarm_cortexM4lf_math.a(arm_mult_f32.o)
 .ARM.attributes
                0x0000000000000363       0x34 c:/st/stm32cubeide_1.4.0/stm32cubeide/plugins/com.st.stm32cube.ide.mcu.externaltools.gnu-tools-for-stm32.7-2018-q2-update.win32_1.4.0.202007081208/tools/bin/../lib/gcc/arm-none-eabi/7.3.1/../../../../arm-none-eabi/lib/thumb/v7e-m/fpv4-sp/hard\libc_nano.a(lib_a-errno.o)
 .ARM.attributes
                0x0000000000000397       0x34 c:/st/stm32cubeide_1.4.0/stm32cubeide/plugins/com.st.stm32cube.ide.mcu.externaltools.gnu-tools-for-stm32.7-2018-q2-update.win32_1.4.0.202007081208/tools/bin/../lib/gcc/arm-none-eabi/7.3.1/../../../../arm-none-eabi/lib/thumb/v7e-m/fpv4-sp/hard\libc_nano.a(lib_a-impure.o)
 .ARM.attributes
                0x00000000000003cb       0x34 c:/st/stm32cubeide_1.4.0/stm32cubeide/plugins/com.st.stm32cube.ide.mcu.externaltools.gnu-tools-for-stm32.7-2018-q2-update.win32_1.4.0.202007081208/tools/bin/../lib/gcc/arm-none-eabi/7.3.1/../../../../arm-none-eabi/lib/thumb/v7e-m/fpv4-sp/hard\libc_nano.a(lib_a-init.o)
 .ARM.attributes
                0x00000000000003ff       0x34 c:/st/stm32cubeide_1.4.0/stm32cubeide/plugins/com.st.stm32cube.ide.mcu.externaltools.gnu-tools-for-stm32.7-2018-q2-update.win32_1.4.0.202007081208/tools/bin/../lib/gcc/arm-none-eabi/7.3.1/../../../../arm-none-eabi/lib/thumb/v7e-m/fpv4-sp/hard\libc_nano.a(lib_a-memset.o)
 .ARM.attributes
                0x0000000000000433       0x34 c:/st/stm32cubeide_1.4.0/stm32cubeide/plugins/com.st.stm32cube.ide.mcu.externaltools.gnu-tools-for-stm32.7-2018-q2-update.win32_1.4.0.202007081208/tools/bin/../lib/gcc/arm-none-eabi/7.3.1/../../../../arm-none-eabi/lib/thumb/v7e-m/fpv4-sp/hard\libm.a(lib_a-w_sqrt.o)
 .ARM.attributes
                0x0000000000000467       0x34 c:/st/stm32cubeide_1.4.0/stm32cubeide/plugins/com.st.stm32cube.ide.mcu.externaltools.gnu-tools-for-stm32.7-2018-q2-update.win32_1.4.0.202007081208/tools/bin/../lib/gcc/arm-none-eabi/7.3.1/../../../../arm-none-eabi/lib/thumb/v7e-m/fpv4-sp/hard\libm.a(lib_a-wf_sqrt.o)
 .ARM.attributes
                0x000000000000049b       0x34 c:/st/stm32cubeide_1.4.0/stm32cubeide/plugins/com.st.stm32cube.ide.mcu.externaltools.gnu-tools-for-stm32.7-2018-q2-update.win32_1.4.0.202007081208/tools/bin/../lib/gcc/arm-none-eabi/7.3.1/../../../../arm-none-eabi/lib/thumb/v7e-m/fpv4-sp/hard\libm.a(lib_a-e_sqrt.o)
 .ARM.attributes
                0x00000000000004cf       0x34 c:/st/stm32cubeide_1.4.0/stm32cubeide/plugins/com.st.stm32cube.ide.mcu.externaltools.gnu-tools-for-stm32.7-2018-q2-update.win32_1.4.0.202007081208/tools/bin/../lib/gcc/arm-none-eabi/7.3.1/../../../../arm-none-eabi/lib/thumb/v7e-m/fpv4-sp/hard\libm.a(lib_a-ef_sqrt.o)
 .ARM.attributes
                0x0000000000000503       0x34 c:/st/stm32cubeide_1.4.0/stm32cubeide/plugins/com.st.stm32cube.ide.mcu.externaltools.gnu-tools-for-stm32.7-2018-q2-update.win32_1.4.0.202007081208/tools/bin/../lib/gcc/arm-none-eabi/7.3.1/../../../../arm-none-eabi/lib/thumb/v7e-m/fpv4-sp/hard\libm.a(lib_a-s_lib_ver.o)
 .ARM.attributes
                0x0000000000000537       0x34 c:/st/stm32cubeide_1.4.0/stm32cubeide/plugins/com.st.stm32cube.ide.mcu.externaltools.gnu-tools-for-stm32.7-2018-q2-update.win32_1.4.0.202007081208/tools/bin/../lib/gcc/arm-none-eabi/7.3.1/../../../../arm-none-eabi/lib/thumb/v7e-m/fpv4-sp/hard\libm.a(lib_a-s_matherr.o)
 .ARM.attributes
                0x000000000000056b       0x22 c:/st/stm32cubeide_1.4.0/stm32cubeide/plugins/com.st.stm32cube.ide.mcu.externaltools.gnu-tools-for-stm32.7-2018-q2-update.win32_1.4.0.202007081208/tools/bin/../lib/gcc/arm-none-eabi/7.3.1/thumb/v7e-m/fpv4-sp/hard\libgcc.a(_arm_addsubdf3.o)
 .ARM.attributes
                0x000000000000058d       0x22 c:/st/stm32cubeide_1.4.0/stm32cubeide/plugins/com.st.stm32cube.ide.mcu.externaltools.gnu-tools-for-stm32.7-2018-q2-update.win32_1.4.0.202007081208/tools/bin/../lib/gcc/arm-none-eabi/7.3.1/thumb/v7e-m/fpv4-sp/hard\libgcc.a(_arm_muldivdf3.o)
 .ARM.attributes
                0x00000000000005af       0x22 c:/st/stm32cubeide_1.4.0/stm32cubeide/plugins/com.st.stm32cube.ide.mcu.externaltools.gnu-tools-for-stm32.7-2018-q2-update.win32_1.4.0.202007081208/tools/bin/../lib/gcc/arm-none-eabi/7.3.1/thumb/v7e-m/fpv4-sp/hard\libgcc.a(_arm_cmpdf2.o)
 .ARM.attributes
                0x00000000000005d1       0x22 c:/st/stm32cubeide_1.4.0/stm32cubeide/plugins/com.st.stm32cube.ide.mcu.externaltools.gnu-tools-for-stm32.7-2018-q2-update.win32_1.4.0.202007081208/tools/bin/../lib/gcc/arm-none-eabi/7.3.1/thumb/v7e-m/fpv4-sp/hard\libgcc.a(_arm_unorddf2.o)
 .ARM.attributes
                0x00000000000005f3       0x22 c:/st/stm32cubeide_1.4.0/stm32cubeide/plugins/com.st.stm32cube.ide.mcu.externaltools.gnu-tools-for-stm32.7-2018-q2-update.win32_1.4.0.202007081208/tools/bin/../lib/gcc/arm-none-eabi/7.3.1/thumb/v7e-m/fpv4-sp/hard\libgcc.a(_arm_truncdfsf2.o)
 .ARM.attributes
                0x0000000000000615       0x22 c:/st/stm32cubeide_1.4.0/stm32cubeide/plugins/com.st.stm32cube.ide.mcu.externaltools.gnu-tools-for-stm32.7-2018-q2-update.win32_1.4.0.202007081208/tools/bin/../lib/gcc/arm-none-eabi/7.3.1/thumb/v7e-m/fpv4-sp/hard/crtn.o
OUTPUT(lab1.elf elf32-littlearm)

.debug_line     0x0000000000000000     0x56ec
 .debug_line    0x0000000000000000       0x4e Core/Src/asmMul.o
 .debug_line    0x000000000000004e       0x64 Core/Src/asmStdDev.o
 .debug_line    0x00000000000000b2      0x573 Core/Src/cMul.o
 .debug_line    0x0000000000000625      0x574 Core/Src/cStdDev.o
 .debug_line    0x0000000000000b99      0x8d8 Core/Src/main.o
 .debug_line    0x0000000000001471      0x68f Core/Src/stm32l4xx_hal_msp.o
 .debug_line    0x0000000000001b00      0x733 Core/Src/stm32l4xx_it.o
 .debug_line    0x0000000000002233      0x6ba Core/Src/system_stm32l4xx.o
 .debug_line    0x00000000000028ed       0x87 Core/Startup/startup_stm32l475vgtx.o
 .debug_line    0x0000000000002974      0x930 Drivers/STM32L4xx_HAL_Driver/Src/stm32l4xx_hal.o
 .debug_line    0x00000000000032a4      0x9b8 Drivers/STM32L4xx_HAL_Driver/Src/stm32l4xx_hal_cortex.o
 .debug_line    0x0000000000003c5c      0xa44 Drivers/STM32L4xx_HAL_Driver/Src/stm32l4xx_hal_pwr_ex.o
 .debug_line    0x00000000000046a0      0x9a7 Drivers/STM32L4xx_HAL_Driver/Src/stm32l4xx_hal_rcc.o
 .debug_line    0x0000000000005047      0x3c5 C:\Users\malki\Desktop\Ceng\Fall_2020\ECSE444\Labs\lab1\Core\Lib\libarm_cortexM4lf_math.a(arm_std_f32.o)
 .debug_line    0x000000000000540c      0x2e0 C:\Users\malki\Desktop\Ceng\Fall_2020\ECSE444\Labs\lab1\Core\Lib\libarm_cortexM4lf_math.a(arm_mult_f32.o)

.debug_info     0x0000000000000000     0x7e11
 .debug_info    0x0000000000000000       0x26 Core/Src/asmMul.o
 .debug_info    0x0000000000000026       0x26 Core/Src/asmStdDev.o
 .debug_info    0x000000000000004c      0x91b Core/Src/cMul.o
 .debug_info    0x0000000000000967      0x984 Core/Src/cStdDev.o
 .debug_info    0x00000000000012eb     0x10af Core/Src/main.o
 .debug_info    0x000000000000239a      0x4f9 Core/Src/stm32l4xx_hal_msp.o
 .debug_info    0x0000000000002893      0x349 Core/Src/stm32l4xx_it.o
 .debug_info    0x0000000000002bdc      0x727 Core/Src/system_stm32l4xx.o
 .debug_info    0x0000000000003303       0x22 Core/Startup/startup_stm32l475vgtx.o
 .debug_info    0x0000000000003325      0xc1a Drivers/STM32L4xx_HAL_Driver/Src/stm32l4xx_hal.o
 .debug_info    0x0000000000003f3f      0xf67 Drivers/STM32L4xx_HAL_Driver/Src/stm32l4xx_hal_cortex.o
 .debug_info    0x0000000000004ea6      0xb35 Drivers/STM32L4xx_HAL_Driver/Src/stm32l4xx_hal_pwr_ex.o
 .debug_info    0x00000000000059db      0xd2f Drivers/STM32L4xx_HAL_Driver/Src/stm32l4xx_hal_rcc.o
 .debug_info    0x000000000000670a      0xc13 C:\Users\malki\Desktop\Ceng\Fall_2020\ECSE444\Labs\lab1\Core\Lib\libarm_cortexM4lf_math.a(arm_std_f32.o)
 .debug_info    0x000000000000731d      0xaf4 C:\Users\malki\Desktop\Ceng\Fall_2020\ECSE444\Labs\lab1\Core\Lib\libarm_cortexM4lf_math.a(arm_mult_f32.o)

.debug_abbrev   0x0000000000000000     0x16c1
 .debug_abbrev  0x0000000000000000       0x14 Core/Src/asmMul.o
 .debug_abbrev  0x0000000000000014       0x14 Core/Src/asmStdDev.o
 .debug_abbrev  0x0000000000000028      0x19d Core/Src/cMul.o
 .debug_abbrev  0x00000000000001c5      0x1cb Core/Src/cStdDev.o
 .debug_abbrev  0x0000000000000390      0x252 Core/Src/main.o
 .debug_abbrev  0x00000000000005e2      0x125 Core/Src/stm32l4xx_hal_msp.o
 .debug_abbrev  0x0000000000000707       0xe2 Core/Src/stm32l4xx_it.o
 .debug_abbrev  0x00000000000007e9      0x150 Core/Src/system_stm32l4xx.o
 .debug_abbrev  0x0000000000000939       0x12 Core/Startup/startup_stm32l475vgtx.o
 .debug_abbrev  0x000000000000094b      0x1fb Drivers/STM32L4xx_HAL_Driver/Src/stm32l4xx_hal.o
 .debug_abbrev  0x0000000000000b46      0x2fa Drivers/STM32L4xx_HAL_Driver/Src/stm32l4xx_hal_cortex.o
 .debug_abbrev  0x0000000000000e40      0x1cb Drivers/STM32L4xx_HAL_Driver/Src/stm32l4xx_hal_pwr_ex.o
 .debug_abbrev  0x000000000000100b      0x245 Drivers/STM32L4xx_HAL_Driver/Src/stm32l4xx_hal_rcc.o
 .debug_abbrev  0x0000000000001250      0x286 C:\Users\malki\Desktop\Ceng\Fall_2020\ECSE444\Labs\lab1\Core\Lib\libarm_cortexM4lf_math.a(arm_std_f32.o)
 .debug_abbrev  0x00000000000014d6      0x1eb C:\Users\malki\Desktop\Ceng\Fall_2020\ECSE444\Labs\lab1\Core\Lib\libarm_cortexM4lf_math.a(arm_mult_f32.o)

.debug_aranges  0x0000000000000000      0x5e8
 .debug_aranges
                0x0000000000000000       0x20 Core/Src/asmMul.o
 .debug_aranges
                0x0000000000000020       0x20 Core/Src/asmStdDev.o
 .debug_aranges
                0x0000000000000040       0x20 Core/Src/cMul.o
 .debug_aranges
                0x0000000000000060       0x20 Core/Src/cStdDev.o
 .debug_aranges
                0x0000000000000080       0x38 Core/Src/main.o
 .debug_aranges
                0x00000000000000b8       0x20 Core/Src/stm32l4xx_hal_msp.o
 .debug_aranges
                0x00000000000000d8       0x60 Core/Src/stm32l4xx_it.o
 .debug_aranges
                0x0000000000000138       0x28 Core/Src/system_stm32l4xx.o
 .debug_aranges
                0x0000000000000160       0x28 Core/Startup/startup_stm32l475vgtx.o
 .debug_aranges
                0x0000000000000188      0x130 Drivers/STM32L4xx_HAL_Driver/Src/stm32l4xx_hal.o
 .debug_aranges
                0x00000000000002b8      0x118 Drivers/STM32L4xx_HAL_Driver/Src/stm32l4xx_hal_cortex.o
 .debug_aranges
                0x00000000000003d0      0x150 Drivers/STM32L4xx_HAL_Driver/Src/stm32l4xx_hal_pwr_ex.o
 .debug_aranges
                0x0000000000000520       0x88 Drivers/STM32L4xx_HAL_Driver/Src/stm32l4xx_hal_rcc.o
 .debug_aranges
                0x00000000000005a8       0x20 C:\Users\malki\Desktop\Ceng\Fall_2020\ECSE444\Labs\lab1\Core\Lib\libarm_cortexM4lf_math.a(arm_std_f32.o)
 .debug_aranges
                0x00000000000005c8       0x20 C:\Users\malki\Desktop\Ceng\Fall_2020\ECSE444\Labs\lab1\Core\Lib\libarm_cortexM4lf_math.a(arm_mult_f32.o)

.debug_str      0x0000000000000000    0xe39ed
 .debug_str     0x0000000000000000       0x61 Core/Src/asmMul.o
 .debug_str     0x0000000000000061       0x18 Core/Src/asmStdDev.o
                                         0x64 (size before relaxing)
 .debug_str     0x0000000000000079     0x754a Core/Src/cMul.o
                                       0x7762 (size before relaxing)
 .debug_str     0x00000000000075c3      0x8a3 Core/Src/cStdDev.o
                                       0x7f4f (size before relaxing)
 .debug_str     0x0000000000007e66    0xda004 Core/Src/main.o
                                      0xe0f81 (size before relaxing)
 .debug_str     0x00000000000e1e6a       0x2c Core/Src/stm32l4xx_hal_msp.o
                                      0xdc941 (size before relaxing)
 .debug_str     0x00000000000e1e96       0xbd Core/Src/stm32l4xx_it.o
                                      0xdc882 (size before relaxing)
 .debug_str     0x00000000000e1f53       0xcd Core/Src/system_stm32l4xx.o
                                      0xdc9d7 (size before relaxing)
 .debug_str     0x00000000000e2020       0x28 Core/Startup/startup_stm32l475vgtx.o
                                         0x74 (size before relaxing)
 .debug_str     0x00000000000e2048      0x9f6 Drivers/STM32L4xx_HAL_Driver/Src/stm32l4xx_hal.o
                                      0xdd4b2 (size before relaxing)
 .debug_str     0x00000000000e2a3e      0x395 Drivers/STM32L4xx_HAL_Driver/Src/stm32l4xx_hal_cortex.o
                                      0xdd222 (size before relaxing)
 .debug_str     0x00000000000e2dd3      0x4fb Drivers/STM32L4xx_HAL_Driver/Src/stm32l4xx_hal_pwr_ex.o
                                      0xdcef2 (size before relaxing)
 .debug_str     0x00000000000e32ce      0x42d Drivers/STM32L4xx_HAL_Driver/Src/stm32l4xx_hal_rcc.o
                                      0xdcf99 (size before relaxing)
 .debug_str     0x00000000000e36fb      0x2a5 C:\Users\malki\Desktop\Ceng\Fall_2020\ECSE444\Labs\lab1\Core\Lib\libarm_cortexM4lf_math.a(arm_std_f32.o)
                                        0x74c (size before relaxing)
 .debug_str     0x00000000000e39a0       0x4d C:\Users\malki\Desktop\Ceng\Fall_2020\ECSE444\Labs\lab1\Core\Lib\libarm_cortexM4lf_math.a(arm_mult_f32.o)
                                        0x673 (size before relaxing)

.debug_ranges   0x0000000000000000      0x4f8
 .debug_ranges  0x0000000000000000       0x10 Core/Src/cMul.o
 .debug_ranges  0x0000000000000010       0x10 Core/Src/cStdDev.o
 .debug_ranges  0x0000000000000020       0x28 Core/Src/main.o
 .debug_ranges  0x0000000000000048       0x10 Core/Src/stm32l4xx_hal_msp.o
 .debug_ranges  0x0000000000000058       0x50 Core/Src/stm32l4xx_it.o
 .debug_ranges  0x00000000000000a8       0x18 Core/Src/system_stm32l4xx.o
 .debug_ranges  0x00000000000000c0       0x20 Core/Startup/startup_stm32l475vgtx.o
 .debug_ranges  0x00000000000000e0      0x120 Drivers/STM32L4xx_HAL_Driver/Src/stm32l4xx_hal.o
 .debug_ranges  0x0000000000000200      0x108 Drivers/STM32L4xx_HAL_Driver/Src/stm32l4xx_hal_cortex.o
 .debug_ranges  0x0000000000000308      0x140 Drivers/STM32L4xx_HAL_Driver/Src/stm32l4xx_hal_pwr_ex.o
 .debug_ranges  0x0000000000000448       0x78 Drivers/STM32L4xx_HAL_Driver/Src/stm32l4xx_hal_rcc.o
 .debug_ranges  0x00000000000004c0       0x28 C:\Users\malki\Desktop\Ceng\Fall_2020\ECSE444\Labs\lab1\Core\Lib\libarm_cortexM4lf_math.a(arm_std_f32.o)
 .debug_ranges  0x00000000000004e8       0x10 C:\Users\malki\Desktop\Ceng\Fall_2020\ECSE444\Labs\lab1\Core\Lib\libarm_cortexM4lf_math.a(arm_mult_f32.o)

.debug_macro    0x0000000000000000     0x2867
 .debug_macro   0x0000000000000000      0x1ca Core/Src/cMul.o
 .debug_macro   0x00000000000001ca       0x40 Core/Src/cMul.o
 .debug_macro   0x000000000000020a       0x18 Core/Src/cMul.o
 .debug_macro   0x0000000000000222       0x94 Core/Src/cMul.o
 .debug_macro   0x00000000000002b6       0x3c Core/Src/cMul.o
 .debug_macro   0x00000000000002f2       0x34 Core/Src/cMul.o
 .debug_macro   0x0000000000000326       0x16 Core/Src/cMul.o
 .debug_macro   0x000000000000033c       0x57 Core/Src/cMul.o
 .debug_macro   0x0000000000000393       0x97 Core/Src/cMul.o
 .debug_macro   0x000000000000042a      0x330 Core/Src/cMul.o
 .debug_macro   0x000000000000075a       0xfd Core/Src/cMul.o
 .debug_macro   0x0000000000000857       0x10 Core/Src/cMul.o
 .debug_macro   0x0000000000000867       0x52 Core/Src/cMul.o
 .debug_macro   0x00000000000008b9       0x1f Core/Src/cMul.o
 .debug_macro   0x00000000000008d8       0x43 Core/Src/cMul.o
 .debug_macro   0x000000000000091b       0x20 Core/Src/cMul.o
 .debug_macro   0x000000000000093b      0x1a3 Core/Src/cMul.o
 .debug_macro   0x0000000000000ade       0x10 Core/Src/cMul.o
 .debug_macro   0x0000000000000aee       0x1c Core/Src/cMul.o
 .debug_macro   0x0000000000000b0a       0x52 Core/Src/cMul.o
 .debug_macro   0x0000000000000b5c       0x40 Core/Src/cMul.o
 .debug_macro   0x0000000000000b9c       0x10 Core/Src/cMul.o
 .debug_macro   0x0000000000000bac       0x40 Core/Src/cMul.o
 .debug_macro   0x0000000000000bec       0xd7 Core/Src/cMul.o
 .debug_macro   0x0000000000000cc3       0x1c Core/Src/cMul.o
 .debug_macro   0x0000000000000cdf       0x3d Core/Src/cMul.o
 .debug_macro   0x0000000000000d1c       0x16 Core/Src/cMul.o
 .debug_macro   0x0000000000000d32      0x145 Core/Src/cMul.o
 .debug_macro   0x0000000000000e77       0x16 Core/Src/cMul.o
 .debug_macro   0x0000000000000e8d       0x35 Core/Src/cMul.o
 .debug_macro   0x0000000000000ec2       0x16 Core/Src/cMul.o
 .debug_macro   0x0000000000000ed8       0x29 Core/Src/cMul.o
 .debug_macro   0x0000000000000f01      0x1a9 Core/Src/cStdDev.o
 .debug_macro   0x00000000000010aa      0x1e1 Core/Src/cStdDev.o
 .debug_macro   0x000000000000128b      0x2c4 Core/Src/main.o
 .debug_macro   0x000000000000154f       0x46 Core/Src/main.o
 .debug_macro   0x0000000000001595      0x32a Core/Src/main.o
 .debug_macro   0x00000000000018bf       0x10 Core/Src/main.o
 .debug_macro   0x00000000000018cf       0x20 Core/Src/main.o
 .debug_macro   0x00000000000018ef      0x201 Core/Src/main.o
 .debug_macro   0x0000000000001af0       0xc8 Core/Src/main.o
 .debug_macro   0x0000000000001bb8      0x1bb Core/Src/stm32l4xx_hal_msp.o
 .debug_macro   0x0000000000001d73      0x1c5 Core/Src/stm32l4xx_it.o
 .debug_macro   0x0000000000001f38      0x1b7 Core/Src/system_stm32l4xx.o
 .debug_macro   0x00000000000020ef      0x1ff Drivers/STM32L4xx_HAL_Driver/Src/stm32l4xx_hal.o
 .debug_macro   0x00000000000022ee      0x1b1 Drivers/STM32L4xx_HAL_Driver/Src/stm32l4xx_hal_cortex.o
 .debug_macro   0x000000000000249f      0x1d5 Drivers/STM32L4xx_HAL_Driver/Src/stm32l4xx_hal_pwr_ex.o
 .debug_macro   0x0000000000002674      0x1f3 Drivers/STM32L4xx_HAL_Driver/Src/stm32l4xx_hal_rcc.o

.comment        0x0000000000000000       0xf0
 .comment       0x0000000000000000       0x7b Core/Src/cMul.o
                                         0x7c (size before relaxing)
 .comment       0x000000000000007b       0x7c Core/Src/cStdDev.o
 .comment       0x000000000000007b       0x7c Core/Src/main.o
 .comment       0x000000000000007b       0x7c Core/Src/stm32l4xx_hal_msp.o
 .comment       0x000000000000007b       0x7c Core/Src/stm32l4xx_it.o
 .comment       0x000000000000007b       0x7c Core/Src/system_stm32l4xx.o
 .comment       0x000000000000007b       0x7c Drivers/STM32L4xx_HAL_Driver/Src/stm32l4xx_hal.o
 .comment       0x000000000000007b       0x7c Drivers/STM32L4xx_HAL_Driver/Src/stm32l4xx_hal_cortex.o
 .comment       0x000000000000007b       0x7c Drivers/STM32L4xx_HAL_Driver/Src/stm32l4xx_hal_pwr_ex.o
 .comment       0x000000000000007b       0x7c Drivers/STM32L4xx_HAL_Driver/Src/stm32l4xx_hal_rcc.o
 .comment       0x000000000000007b       0x75 C:\Users\malki\Desktop\Ceng\Fall_2020\ECSE444\Labs\lab1\Core\Lib\libarm_cortexM4lf_math.a(arm_std_f32.o)
                                         0x76 (size before relaxing)
 .comment       0x00000000000000f0       0x76 C:\Users\malki\Desktop\Ceng\Fall_2020\ECSE444\Labs\lab1\Core\Lib\libarm_cortexM4lf_math.a(arm_mult_f32.o)

.debug_frame    0x0000000000000000     0x1718
 .debug_frame   0x0000000000000000       0x38 Core/Src/cMul.o
 .debug_frame   0x0000000000000038       0x38 Core/Src/cStdDev.o
 .debug_frame   0x0000000000000070       0xa0 Core/Src/main.o
 .debug_frame   0x0000000000000110       0x38 Core/Src/stm32l4xx_hal_msp.o
 .debug_frame   0x0000000000000148      0x10c Core/Src/stm32l4xx_it.o
 .debug_frame   0x0000000000000254       0x58 Core/Src/system_stm32l4xx.o
 .debug_frame   0x00000000000002ac      0x498 Drivers/STM32L4xx_HAL_Driver/Src/stm32l4xx_hal.o
 .debug_frame   0x0000000000000744      0x498 Drivers/STM32L4xx_HAL_Driver/Src/stm32l4xx_hal_cortex.o
 .debug_frame   0x0000000000000bdc      0x544 Drivers/STM32L4xx_HAL_Driver/Src/stm32l4xx_hal_pwr_ex.o
 .debug_frame   0x0000000000001120      0x1f4 Drivers/STM32L4xx_HAL_Driver/Src/stm32l4xx_hal_rcc.o
 .debug_frame   0x0000000000001314       0x64 C:\Users\malki\Desktop\Ceng\Fall_2020\ECSE444\Labs\lab1\Core\Lib\libarm_cortexM4lf_math.a(arm_std_f32.o)
 .debug_frame   0x0000000000001378       0x34 C:\Users\malki\Desktop\Ceng\Fall_2020\ECSE444\Labs\lab1\Core\Lib\libarm_cortexM4lf_math.a(arm_mult_f32.o)
 .debug_frame   0x00000000000013ac       0x20 c:/st/stm32cubeide_1.4.0/stm32cubeide/plugins/com.st.stm32cube.ide.mcu.externaltools.gnu-tools-for-stm32.7-2018-q2-update.win32_1.4.0.202007081208/tools/bin/../lib/gcc/arm-none-eabi/7.3.1/../../../../arm-none-eabi/lib/thumb/v7e-m/fpv4-sp/hard\libc_nano.a(lib_a-errno.o)
 .debug_frame   0x00000000000013cc       0x2c c:/st/stm32cubeide_1.4.0/stm32cubeide/plugins/com.st.stm32cube.ide.mcu.externaltools.gnu-tools-for-stm32.7-2018-q2-update.win32_1.4.0.202007081208/tools/bin/../lib/gcc/arm-none-eabi/7.3.1/../../../../arm-none-eabi/lib/thumb/v7e-m/fpv4-sp/hard\libc_nano.a(lib_a-init.o)
 .debug_frame   0x00000000000013f8       0x20 c:/st/stm32cubeide_1.4.0/stm32cubeide/plugins/com.st.stm32cube.ide.mcu.externaltools.gnu-tools-for-stm32.7-2018-q2-update.win32_1.4.0.202007081208/tools/bin/../lib/gcc/arm-none-eabi/7.3.1/../../../../arm-none-eabi/lib/thumb/v7e-m/fpv4-sp/hard\libc_nano.a(lib_a-memset.o)
 .debug_frame   0x0000000000001418       0x4c c:/st/stm32cubeide_1.4.0/stm32cubeide/plugins/com.st.stm32cube.ide.mcu.externaltools.gnu-tools-for-stm32.7-2018-q2-update.win32_1.4.0.202007081208/tools/bin/../lib/gcc/arm-none-eabi/7.3.1/../../../../arm-none-eabi/lib/thumb/v7e-m/fpv4-sp/hard\libm.a(lib_a-w_sqrt.o)
 .debug_frame   0x0000000000001464       0x40 c:/st/stm32cubeide_1.4.0/stm32cubeide/plugins/com.st.stm32cube.ide.mcu.externaltools.gnu-tools-for-stm32.7-2018-q2-update.win32_1.4.0.202007081208/tools/bin/../lib/gcc/arm-none-eabi/7.3.1/../../../../arm-none-eabi/lib/thumb/v7e-m/fpv4-sp/hard\libm.a(lib_a-wf_sqrt.o)
 .debug_frame   0x00000000000014a4       0x30 c:/st/stm32cubeide_1.4.0/stm32cubeide/plugins/com.st.stm32cube.ide.mcu.externaltools.gnu-tools-for-stm32.7-2018-q2-update.win32_1.4.0.202007081208/tools/bin/../lib/gcc/arm-none-eabi/7.3.1/../../../../arm-none-eabi/lib/thumb/v7e-m/fpv4-sp/hard\libm.a(lib_a-e_sqrt.o)
 .debug_frame   0x00000000000014d4       0x20 c:/st/stm32cubeide_1.4.0/stm32cubeide/plugins/com.st.stm32cube.ide.mcu.externaltools.gnu-tools-for-stm32.7-2018-q2-update.win32_1.4.0.202007081208/tools/bin/../lib/gcc/arm-none-eabi/7.3.1/../../../../arm-none-eabi/lib/thumb/v7e-m/fpv4-sp/hard\libm.a(lib_a-ef_sqrt.o)
 .debug_frame   0x00000000000014f4       0x20 c:/st/stm32cubeide_1.4.0/stm32cubeide/plugins/com.st.stm32cube.ide.mcu.externaltools.gnu-tools-for-stm32.7-2018-q2-update.win32_1.4.0.202007081208/tools/bin/../lib/gcc/arm-none-eabi/7.3.1/../../../../arm-none-eabi/lib/thumb/v7e-m/fpv4-sp/hard\libm.a(lib_a-s_matherr.o)
 .debug_frame   0x0000000000001514       0xac c:/st/stm32cubeide_1.4.0/stm32cubeide/plugins/com.st.stm32cube.ide.mcu.externaltools.gnu-tools-for-stm32.7-2018-q2-update.win32_1.4.0.202007081208/tools/bin/../lib/gcc/arm-none-eabi/7.3.1/thumb/v7e-m/fpv4-sp/hard\libgcc.a(_arm_addsubdf3.o)
 .debug_frame   0x00000000000015c0       0x50 c:/st/stm32cubeide_1.4.0/stm32cubeide/plugins/com.st.stm32cube.ide.mcu.externaltools.gnu-tools-for-stm32.7-2018-q2-update.win32_1.4.0.202007081208/tools/bin/../lib/gcc/arm-none-eabi/7.3.1/thumb/v7e-m/fpv4-sp/hard\libgcc.a(_arm_muldivdf3.o)
 .debug_frame   0x0000000000001610       0xc4 c:/st/stm32cubeide_1.4.0/stm32cubeide/plugins/com.st.stm32cube.ide.mcu.externaltools.gnu-tools-for-stm32.7-2018-q2-update.win32_1.4.0.202007081208/tools/bin/../lib/gcc/arm-none-eabi/7.3.1/thumb/v7e-m/fpv4-sp/hard\libgcc.a(_arm_cmpdf2.o)
 .debug_frame   0x00000000000016d4       0x20 c:/st/stm32cubeide_1.4.0/stm32cubeide/plugins/com.st.stm32cube.ide.mcu.externaltools.gnu-tools-for-stm32.7-2018-q2-update.win32_1.4.0.202007081208/tools/bin/../lib/gcc/arm-none-eabi/7.3.1/thumb/v7e-m/fpv4-sp/hard\libgcc.a(_arm_unorddf2.o)
 .debug_frame   0x00000000000016f4       0x24 c:/st/stm32cubeide_1.4.0/stm32cubeide/plugins/com.st.stm32cube.ide.mcu.externaltools.gnu-tools-for-stm32.7-2018-q2-update.win32_1.4.0.202007081208/tools/bin/../lib/gcc/arm-none-eabi/7.3.1/thumb/v7e-m/fpv4-sp/hard\libgcc.a(_arm_truncdfsf2.o)

.debug_loc      0x0000000000000000      0x7de
 .debug_loc     0x0000000000000000      0x5c9 C:\Users\malki\Desktop\Ceng\Fall_2020\ECSE444\Labs\lab1\Core\Lib\libarm_cortexM4lf_math.a(arm_std_f32.o)
 .debug_loc     0x00000000000005c9      0x215 C:\Users\malki\Desktop\Ceng\Fall_2020\ECSE444\Labs\lab1\Core\Lib\libarm_cortexM4lf_math.a(arm_mult_f32.o)
